<html>
<body>
<pre>
<h1>µVision Build Log</h1>
<h2>Project:</h2>
C:\Keil\EE445L\Lab 3\Lab3.uvproj
Project File Date:  02/07/2017

<h2>Output:</h2>
Rebuild target 'Lab3'
assembling startup.s...
compiling PLL.c...
compiling ST7735.c...
compiling plotter.c...
compiling Lab3Main.c...
plotter.h(9): warning:  #1-D: last line of file ends without a newline
  void ST7735_Line(uint16_t x1, uint16_t y1, uint16_t x2, uint16_t y2, uint16_t color);
EventWatch.h(14): warning:  #1-D: last line of file ends without a newline
  void notifyEvent(uint8_t event);
ClockTime.h(15): warning:  #1-D: last line of file ends without a newline
  void setAlarmEnabled(_Bool);
Lab3Main.c: 3 warnings, 0 errors
compiling EventWatch.c...
EventWatch.h(14): warning:  #1-D: last line of file ends without a newline
  void notifyEvent(uint8_t event);
EventWatch.c: 1 warning, 0 errors
compiling ClockTime.c...
EventWatch.h(14): warning:  #1-D: last line of file ends without a newline
  void notifyEvent(uint8_t event);
ClockTime.h(15): warning:  #1-D: last line of file ends without a newline
  void setAlarmEnabled(_Bool);
ClockTime.c(68): warning:  #1-D: last line of file ends without a newline
  }
ClockTime.c: 3 warnings, 0 errors
compiling Alarm.c...
Alarm.c(7): warning:  #1-D: last line of file ends without a newline
  }
Alarm.c: 1 warning, 0 errors
compiling Screens.c...
ClockTime.h(15): warning:  #1-D: last line of file ends without a newline
  void setAlarmEnabled(_Bool);
Screens.c(126): warning:  #186-D: pointless comparison of unsigned integer with zero
        if(currentMenuOpt < 0)
Screens.c: 2 warnings, 0 errors
linking...
Program Size: Code=2756 RO-data=2052 RW-data=144 ZI-data=1280  
".\ADCSWTrigger.axf" - 0 Error(s), 10 Warning(s).
ced
        char hourStr[5] = "     ", minuteStr[5] = "     ", aHourStr[5] = "     ", aMinuteStr[5] = "     ", *aEnabled, *ampm, *aampm;
Screens.c(101): warning:  #177-D: variable "aEnabled" was declared but never referenced
        char hourStr[5] = "     ", minuteStr[5] = "     ", aHourStr[5] = "     ", aMinuteStr[5] = "     ", *aEnabled, *ampm, *aampm;
Screens.c(101): warning:  #177-D: variable "aampm" was declared but never referenced
        char hourStr[5] = "     ", minuteStr[5] = "     ", aHourStr[5] = "     ", aMinuteStr[5] = "     ", *aEnabled, *ampm, *aampm;
Screens.c: 6 warnings, 0 errors
linking...
Program Size: Code=4192 RO-data=2052 RW-data=144 ZI-data=1280  
".\ADCSWTrigger.axf" - 0 Error(s), 13 Warning(s).
