ARM Linker, 5.03 [Build 76] [MDK-ARM Lite]

==============================================================================

Section Cross References

    startup.o(STACK) refers (Special) to heapauxi.o(.text) for __use_two_region_memory
    startup.o(HEAP) refers (Special) to heapauxi.o(.text) for __use_two_region_memory
    startup.o(RESET) refers (Special) to heapauxi.o(.text) for __use_two_region_memory
    startup.o(RESET) refers to startup.o(STACK) for StackMem
    startup.o(RESET) refers to eventwatch.o(i.GPIOPortE_Handler) for GPIOPortE_Handler
    startup.o(RESET) refers to eventwatch.o(i.Timer0A_Handler) for Timer0A_Handler
    startup.o(RESET) refers to eventwatch.o(i.GPIOPortF_Handler) for GPIOPortF_Handler
    startup.o(RESET) refers to __main.o(!!!main) for __main
    startup.o(.text) refers (Special) to heapauxi.o(.text) for __use_two_region_memory
    startup.o(.text) refers to startup.o(HEAP) for HeapMem
    startup.o(.text) refers to startup.o(STACK) for StackMem
    st7735.o(i.Output_Clear) refers to st7735.o(i.ST7735_FillScreen) for ST7735_FillScreen
    st7735.o(i.Output_Color) refers to st7735.o(.data) for StBackColor
    st7735.o(i.Output_Init) refers to st7735.o(i.ST7735_InitR) for ST7735_InitR
    st7735.o(i.Output_Init) refers to st7735.o(i.ST7735_FillScreen) for ST7735_FillScreen
    st7735.o(i.Output_Off) refers to st7735.o(i.Output_Clear) for Output_Clear
    st7735.o(i.Output_On) refers to st7735.o(i.Output_Init) for Output_Init
    st7735.o(i.ST7735_DrawBitmap) refers to st7735.o(i.setAddrWindow) for setAddrWindow
    st7735.o(i.ST7735_DrawBitmap) refers to st7735.o(i.writedata) for writedata
    st7735.o(i.ST7735_DrawBitmap) refers to st7735.o(.data) for _width
    st7735.o(i.ST7735_DrawChar) refers to st7735.o(i.setAddrWindow) for setAddrWindow
    st7735.o(i.ST7735_DrawChar) refers to st7735.o(i.pushColor) for pushColor
    st7735.o(i.ST7735_DrawChar) refers to st7735.o(.data) for _width
    st7735.o(i.ST7735_DrawChar) refers to st7735.o(.constdata) for Font
    st7735.o(i.ST7735_DrawCharS) refers to st7735.o(i.ST7735_DrawPixel) for ST7735_DrawPixel
    st7735.o(i.ST7735_DrawCharS) refers to st7735.o(i.ST7735_FillRect) for ST7735_FillRect
    st7735.o(i.ST7735_DrawCharS) refers to st7735.o(.data) for _width
    st7735.o(i.ST7735_DrawCharS) refers to st7735.o(.constdata) for Font
    st7735.o(i.ST7735_DrawFastHLine) refers to st7735.o(i.setAddrWindow) for setAddrWindow
    st7735.o(i.ST7735_DrawFastHLine) refers to st7735.o(i.writedata) for writedata
    st7735.o(i.ST7735_DrawFastHLine) refers to st7735.o(.data) for _width
    st7735.o(i.ST7735_DrawFastVLine) refers to st7735.o(i.setAddrWindow) for setAddrWindow
    st7735.o(i.ST7735_DrawFastVLine) refers to st7735.o(i.writedata) for writedata
    st7735.o(i.ST7735_DrawFastVLine) refers to st7735.o(.data) for _width
    st7735.o(i.ST7735_DrawPixel) refers to st7735.o(i.setAddrWindow) for setAddrWindow
    st7735.o(i.ST7735_DrawPixel) refers to st7735.o(i.pushColor) for pushColor
    st7735.o(i.ST7735_DrawPixel) refers to st7735.o(.data) for _width
    st7735.o(i.ST7735_DrawString) refers to st7735.o(i.ST7735_DrawChar) for ST7735_DrawChar
    st7735.o(i.ST7735_FillRect) refers to st7735.o(i.setAddrWindow) for setAddrWindow
    st7735.o(i.ST7735_FillRect) refers to st7735.o(i.writedata) for writedata
    st7735.o(i.ST7735_FillRect) refers to st7735.o(.data) for _width
    st7735.o(i.ST7735_FillScreen) refers to st7735.o(i.ST7735_FillRect) for ST7735_FillRect
    st7735.o(i.ST7735_FillScreen) refers to st7735.o(.data) for _height
    st7735.o(i.ST7735_InitB) refers to st7735.o(i.commonInit) for commonInit
    st7735.o(i.ST7735_InitB) refers to st7735.o(i.ST7735_SetCursor) for ST7735_SetCursor
    st7735.o(i.ST7735_InitB) refers to st7735.o(i.ST7735_FillScreen) for ST7735_FillScreen
    st7735.o(i.ST7735_InitB) refers to st7735.o(.constdata) for Bcmd
    st7735.o(i.ST7735_InitB) refers to st7735.o(.data) for StTextColor
    st7735.o(i.ST7735_InitR) refers to st7735.o(i.commonInit) for commonInit
    st7735.o(i.ST7735_InitR) refers to st7735.o(i.commandList) for commandList
    st7735.o(i.ST7735_InitR) refers to st7735.o(i.writecommand) for writecommand
    st7735.o(i.ST7735_InitR) refers to st7735.o(i.writedata) for writedata
    st7735.o(i.ST7735_InitR) refers to st7735.o(i.ST7735_SetCursor) for ST7735_SetCursor
    st7735.o(i.ST7735_InitR) refers to st7735.o(i.ST7735_FillScreen) for ST7735_FillScreen
    st7735.o(i.ST7735_InitR) refers to st7735.o(.constdata) for Rcmd1
    st7735.o(i.ST7735_InitR) refers to st7735.o(.data) for ColStart
    st7735.o(i.ST7735_InvertDisplay) refers to st7735.o(i.writecommand) for writecommand
    st7735.o(i.ST7735_OutChar) refers to st7735.o(i.ST7735_DrawString) for ST7735_DrawString
    st7735.o(i.ST7735_OutChar) refers to st7735.o(i.ST7735_DrawCharS) for ST7735_DrawCharS
    st7735.o(i.ST7735_OutChar) refers to st7735.o(.data) for StY
    st7735.o(i.ST7735_OutString) refers to st7735.o(i.ST7735_OutChar) for ST7735_OutChar
    st7735.o(i.ST7735_OutUDec) refers to st7735.o(i.fillmessage) for fillmessage
    st7735.o(i.ST7735_OutUDec) refers to st7735.o(i.ST7735_DrawString) for ST7735_DrawString
    st7735.o(i.ST7735_OutUDec) refers to st7735.o(i.ST7735_DrawCharS) for ST7735_DrawCharS
    st7735.o(i.ST7735_OutUDec) refers to st7735.o(.data) for Messageindex
    st7735.o(i.ST7735_OutUDec) refers to st7735.o(.bss) for Message
    st7735.o(i.ST7735_PlotBar) refers to st7735.o(i.ST7735_DrawFastVLine) for ST7735_DrawFastVLine
    st7735.o(i.ST7735_PlotBar) refers to st7735.o(.data) for Ymin
    st7735.o(i.ST7735_PlotClear) refers to st7735.o(i.ST7735_Color565) for ST7735_Color565
    st7735.o(i.ST7735_PlotClear) refers to st7735.o(i.ST7735_FillRect) for ST7735_FillRect
    st7735.o(i.ST7735_PlotClear) refers to st7735.o(.data) for Ymax
    st7735.o(i.ST7735_PlotLine) refers to st7735.o(i.ST7735_DrawPixel) for ST7735_DrawPixel
    st7735.o(i.ST7735_PlotLine) refers to st7735.o(.data) for Ymin
    st7735.o(i.ST7735_PlotNext) refers to st7735.o(.data) for X
    st7735.o(i.ST7735_PlotNextErase) refers to st7735.o(i.ST7735_Color565) for ST7735_Color565
    st7735.o(i.ST7735_PlotNextErase) refers to st7735.o(i.ST7735_DrawFastVLine) for ST7735_DrawFastVLine
    st7735.o(i.ST7735_PlotNextErase) refers to st7735.o(.data) for X
    st7735.o(i.ST7735_PlotPoint) refers to st7735.o(i.ST7735_DrawPixel) for ST7735_DrawPixel
    st7735.o(i.ST7735_PlotPoint) refers to st7735.o(.data) for Ymin
    st7735.o(i.ST7735_PlotPoints) refers to st7735.o(i.ST7735_DrawPixel) for ST7735_DrawPixel
    st7735.o(i.ST7735_PlotPoints) refers to st7735.o(.data) for Ymin
    st7735.o(i.ST7735_PlotdBfs) refers to st7735.o(i.ST7735_DrawFastVLine) for ST7735_DrawFastVLine
    st7735.o(i.ST7735_PlotdBfs) refers to st7735.o(.constdata) for dBfs
    st7735.o(i.ST7735_PlotdBfs) refers to st7735.o(.data) for X
    st7735.o(i.ST7735_SetCursor) refers to st7735.o(.data) for StX
    st7735.o(i.ST7735_SetRotation) refers to st7735.o(i.writecommand) for writecommand
    st7735.o(i.ST7735_SetRotation) refers to st7735.o(i.writedata) for writedata
    st7735.o(i.ST7735_SetRotation) refers to st7735.o(.data) for Rotation
    st7735.o(i.ST7735_SetTextColor) refers to st7735.o(.data) for StTextColor
    st7735.o(i.commandList) refers to st7735.o(i.writecommand) for writecommand
    st7735.o(i.commandList) refers to st7735.o(i.writedata) for writedata
    st7735.o(i.commandList) refers to st7735.o(i.Delay1ms) for Delay1ms
    st7735.o(i.commonInit) refers to st7735.o(i.Delay1ms) for Delay1ms
    st7735.o(i.commonInit) refers to st7735.o(i.commandList) for commandList
    st7735.o(i.commonInit) refers to st7735.o(.data) for RowStart
    st7735.o(i.fillmessage) refers to st7735.o(.bss) for Message
    st7735.o(i.fillmessage) refers to st7735.o(.data) for Messageindex
    st7735.o(i.fputc) refers to st7735.o(i.ST7735_OutChar) for ST7735_OutChar
    st7735.o(i.pushColor) refers to st7735.o(i.writedata) for writedata
    st7735.o(i.setAddrWindow) refers to st7735.o(i.writecommand) for writecommand
    st7735.o(i.setAddrWindow) refers to st7735.o(i.writedata) for writedata
    st7735.o(i.setAddrWindow) refers to st7735.o(.data) for ColStart
    plotter.o(i.ST7735_Line) refers to dflt_clz.o(x$fpl$dflt) for __aeabi_i2d
    plotter.o(i.ST7735_Line) refers to deqf.o(x$fpl$deqf) for __aeabi_cdcmpeq
    plotter.o(i.ST7735_Line) refers to dmul.o(x$fpl$dmul) for __aeabi_dmul
    plotter.o(i.ST7735_Line) refers to ddiv.o(x$fpl$ddiv) for __aeabi_ddiv
    plotter.o(i.ST7735_Line) refers to daddsub_clz.o(x$fpl$dsub) for __aeabi_dsub
    plotter.o(i.ST7735_Line) refers to sqrt.o(i.sqrt) for sqrt
    plotter.o(i.ST7735_Line) refers to dleqf.o(x$fpl$dleqf) for __aeabi_cdcmple
    plotter.o(i.ST7735_Line) refers to st7735.o(i.ST7735_FillRect) for ST7735_FillRect
    plotter.o(i.ST7735_Line) refers to plotter.o(.data) for lineThreshold
    plotter.o(i.ST7735_XYplot) refers to plotter.o(i.ST7735_Line) for ST7735_Line
    plotter.o(i.ST7735_XYplot) refers to st7735.o(i.ST7735_FillRect) for ST7735_FillRect
    plotter.o(i.ST7735_XYplot) refers to plotter.o(.data) for minX_global
    plotter.o(i.ST7735_XYplotInit) refers to st7735.o(i.ST7735_FillScreen) for ST7735_FillScreen
    plotter.o(i.ST7735_XYplotInit) refers to st7735.o(i.ST7735_SetCursor) for ST7735_SetCursor
    plotter.o(i.ST7735_XYplotInit) refers to st7735.o(i.ST7735_OutString) for ST7735_OutString
    plotter.o(i.ST7735_XYplotInit) refers to plotter.o(.data) for minX_global
    plotter.o(i.setLineThreshold) refers to plotter.o(.data) for lineThreshold
    lab3main.o(i.initForLab3) refers to pll.o(i.PLL_Init) for PLL_Init
    lab3main.o(i.initForLab3) refers to startup.o(.text) for EnableInterrupts
    lab3main.o(i.main) refers to lab3main.o(i.initForLab3) for initForLab3
    lab3main.o(i.main) refers to screens.o(i.Screens_Init) for Screens_Init
    lab3main.o(i.main) refers to clocktime.o(i.ClockInit) for ClockInit
    lab3main.o(i.main) refers to eventwatch.o(i.EventWatch_Init) for EventWatch_Init
    lab3main.o(i.main) refers to startup.o(.text) for WaitForInterrupt
    eventwatch.o(i.EventWatch_Init) refers to eventwatch.o(i.Timer0A_Init) for Timer0A_Init
    eventwatch.o(i.EventWatch_Init) refers to eventwatch.o(i.minuteUpdate) for minuteUpdate
    eventwatch.o(i.GPIOPortE_Handler) refers to eventwatch.o(i.down) for down
    eventwatch.o(i.GPIOPortE_Handler) refers to screens.o(i.drawCurrentScreen) for drawCurrentScreen
    eventwatch.o(i.GPIOPortE_Handler) refers to eventwatch.o(i.up) for up
    eventwatch.o(i.GPIOPortF_Handler) refers to eventwatch.o(i.enter) for enter
    eventwatch.o(i.GPIOPortF_Handler) refers to screens.o(i.drawCurrentScreen) for drawCurrentScreen
    eventwatch.o(i.Timer0A_Handler) refers to eventwatch.o(.data) for PeriodicTask
    eventwatch.o(i.Timer0A_Init) refers to startup.o(.text) for DisableInterrupts
    eventwatch.o(i.Timer0A_Init) refers to eventwatch.o(.data) for PeriodicTask
    eventwatch.o(i.Timer0A_UpdateTask) refers to eventwatch.o(.data) for PeriodicTask
    eventwatch.o(i.down) refers to screens.o(i.getCurrentScreen) for getCurrentScreen
    eventwatch.o(i.down) refers to screens.o(i.getCurrentMenuOpt) for getCurrentMenuOpt
    eventwatch.o(i.down) refers to screens.o(i.setCurrentMenuOpt) for setCurrentMenuOpt
    eventwatch.o(i.down) refers to screens.o(i.getCurrentSettingsOpt2) for getCurrentSettingsOpt2
    eventwatch.o(i.down) refers to screens.o(i.getCurrentSettingsOpt) for getCurrentSettingsOpt
    eventwatch.o(i.down) refers to screens.o(i.setCurrentSettingsOpt) for setCurrentSettingsOpt
    eventwatch.o(i.down) refers to screens.o(i.getSettingTime) for getSettingTime
    eventwatch.o(i.down) refers to screens.o(i.setSettingTime) for setSettingTime
    eventwatch.o(i.down) refers to screens.o(i.getAlarmSettingTime) for getAlarmSettingTime
    eventwatch.o(i.down) refers to screens.o(i.setAlarmSettingTime) for setAlarmSettingTime
    eventwatch.o(i.down) refers to screens.o(i.setCurrentScreen) for setCurrentScreen
    eventwatch.o(i.enter) refers to screens.o(i.getCurrentScreen) for getCurrentScreen
    eventwatch.o(i.enter) refers to screens.o(i.getCurrentMenuOpt) for getCurrentMenuOpt
    eventwatch.o(i.enter) refers to screens.o(i.setCurrentScreen) for setCurrentScreen
    eventwatch.o(i.enter) refers to screens.o(i.getCurrentSettingsOpt2) for getCurrentSettingsOpt2
    eventwatch.o(i.enter) refers to screens.o(i.setCurrentSettingsOpt2) for setCurrentSettingsOpt2
    eventwatch.o(i.enter) refers to screens.o(i.getCurrentSettingsOpt) for getCurrentSettingsOpt
    eventwatch.o(i.enter) refers to screens.o(i.getSettingTime) for getSettingTime
    eventwatch.o(i.enter) refers to clocktime.o(i.setCurrentTime) for setCurrentTime
    eventwatch.o(i.enter) refers to screens.o(i.getAlarmSettingTime) for getAlarmSettingTime
    eventwatch.o(i.enter) refers to clocktime.o(i.setAlarmTime) for setAlarmTime
    eventwatch.o(i.minuteUpdate) refers to clocktime.o(i.MinuteTick) for MinuteTick
    eventwatch.o(i.minuteUpdate) refers to clocktime.o(i.checkAlarm) for checkAlarm
    eventwatch.o(i.minuteUpdate) refers to screens.o(i.drawCurrentScreen) for drawCurrentScreen
    eventwatch.o(i.minuteUpdate) refers to eventwatch.o(.data) for counter
    eventwatch.o(i.up) refers to screens.o(i.getCurrentScreen) for getCurrentScreen
    eventwatch.o(i.up) refers to screens.o(i.getCurrentMenuOpt) for getCurrentMenuOpt
    eventwatch.o(i.up) refers to screens.o(i.setCurrentMenuOpt) for setCurrentMenuOpt
    eventwatch.o(i.up) refers to screens.o(i.getCurrentSettingsOpt2) for getCurrentSettingsOpt2
    eventwatch.o(i.up) refers to screens.o(i.getCurrentSettingsOpt) for getCurrentSettingsOpt
    eventwatch.o(i.up) refers to screens.o(i.setCurrentSettingsOpt) for setCurrentSettingsOpt
    eventwatch.o(i.up) refers to screens.o(i.getSettingTime) for getSettingTime
    eventwatch.o(i.up) refers to screens.o(i.setSettingTime) for setSettingTime
    eventwatch.o(i.up) refers to screens.o(i.getAlarmSettingTime) for getAlarmSettingTime
    eventwatch.o(i.up) refers to screens.o(i.setAlarmSettingTime) for setAlarmSettingTime
    eventwatch.o(i.up) refers to screens.o(i.setCurrentScreen) for setCurrentScreen
    clocktime.o(i.ClockInit) refers to clocktime.o(.data) for currentTime
    clocktime.o(i.MinuteTick) refers to clocktime.o(.data) for currentTime
    clocktime.o(i.checkAlarm) refers to clocktime.o(.data) for alarmEnabled
    clocktime.o(i.getAlarmTime) refers to clocktime.o(.data) for alarmTime
    clocktime.o(i.getCurrentTime) refers to clocktime.o(.data) for currentTime
    clocktime.o(i.isAlarmEnabled) refers to clocktime.o(.data) for alarmEnabled
    clocktime.o(i.setAlarmEnabled) refers to clocktime.o(.data) for alarmEnabled
    clocktime.o(i.setAlarmTime) refers to clocktime.o(.data) for alarmTime
    clocktime.o(i.setCurrentTime) refers to clocktime.o(.data) for currentTime
    screens.o(i.Screens_Init) refers to st7735.o(i.ST7735_InitR) for ST7735_InitR
    screens.o(i.Screens_Init) refers to screens.o(i.drawCurrentScreen) for drawCurrentScreen
    screens.o(i.Screens_Init) refers to clocktime.o(i.getCurrentTime) for getCurrentTime
    screens.o(i.Screens_Init) refers to clocktime.o(i.setCurrentTime) for setCurrentTime
    screens.o(i.Screens_Init) refers to screens.o(.data) for currentScreen
    screens.o(i.drawAlarmMessage) refers to st7735.o(i.Output_Color) for Output_Color
    screens.o(i.drawAlarmMessage) refers to st7735.o(i.ST7735_SetCursor) for ST7735_SetCursor
    screens.o(i.drawAlarmMessage) refers to st7735.o(i.ST7735_SetTextColor) for ST7735_SetTextColor
    screens.o(i.drawAlarmMessage) refers to st7735.o(i.ST7735_OutString) for ST7735_OutString
    screens.o(i.drawAnalogClock) refers to acos.o(i.acos) for acos
    screens.o(i.drawAnalogClock) refers to asin.o(i.asin) for asin
    screens.o(i.drawAnalogClock) refers to st7735.o(i.ST7735_FillScreen) for ST7735_FillScreen
    screens.o(i.drawAnalogClock) refers to st7735.o(i.ST7735_DrawBitmap) for ST7735_DrawBitmap
    screens.o(i.drawAnalogClock) refers to clocktime.o(i.getCurrentTime) for getCurrentTime
    screens.o(i.drawAnalogClock) refers to dflt_clz.o(x$fpl$dfltu) for __aeabi_ui2d
    screens.o(i.drawAnalogClock) refers to ddiv.o(x$fpl$ddiv) for __aeabi_ddiv
    screens.o(i.drawAnalogClock) refers to dmul.o(x$fpl$dmul) for __aeabi_dmul
    screens.o(i.drawAnalogClock) refers to daddsub_clz.o(x$fpl$dadd) for __aeabi_dadd
    screens.o(i.drawAnalogClock) refers to cos.o(i.cos) for cos
    screens.o(i.drawAnalogClock) refers to dflt_clz.o(x$fpl$dflt) for __aeabi_i2d
    screens.o(i.drawAnalogClock) refers to dfix.o(x$fpl$dfix) for __aeabi_d2iz
    screens.o(i.drawAnalogClock) refers to sin.o(i.sin) for sin
    screens.o(i.drawAnalogClock) refers to daddsub_clz.o(x$fpl$dsub) for __aeabi_dsub
    screens.o(i.drawAnalogClock) refers to plotter.o(i.setLineThreshold) for setLineThreshold
    screens.o(i.drawAnalogClock) refers to plotter.o(i.ST7735_Line) for ST7735_Line
    screens.o(i.drawAnalogClock) refers to screens.o(i.drawBackMessage) for drawBackMessage
    screens.o(i.drawAnalogClock) refers to screens.o(.constdata) for ClockFace
    screens.o(i.drawBackMessage) refers to st7735.o(i.Output_Color) for Output_Color
    screens.o(i.drawBackMessage) refers to st7735.o(i.ST7735_SetCursor) for ST7735_SetCursor
    screens.o(i.drawBackMessage) refers to st7735.o(i.ST7735_SetTextColor) for ST7735_SetTextColor
    screens.o(i.drawBackMessage) refers to st7735.o(i.ST7735_OutString) for ST7735_OutString
    screens.o(i.drawCurrentScreen) refers to screens.o(i.getCurrentScreen) for getCurrentScreen
    screens.o(i.drawCurrentScreen) refers to screens.o(i.drawMainMenu) for drawMainMenu
    screens.o(i.drawCurrentScreen) refers to screens.o(i.drawSettings) for drawSettings
    screens.o(i.drawCurrentScreen) refers to screens.o(i.drawAnalogClock) for drawAnalogClock
    screens.o(i.drawCurrentScreen) refers to screens.o(i.drawDigitalClock) for drawDigitalClock
    screens.o(i.drawDigitalClock) refers to clocktime.o(i.getCurrentTime) for getCurrentTime
    screens.o(i.drawDigitalClock) refers to screens.o(i.convertASCII) for convertASCII
    screens.o(i.drawDigitalClock) refers to st7735.o(i.ST7735_FillScreen) for ST7735_FillScreen
    screens.o(i.drawDigitalClock) refers to st7735.o(i.ST7735_DrawChar) for ST7735_DrawChar
    screens.o(i.drawDigitalClock) refers to screens.o(i.drawAlarmMessage) for drawAlarmMessage
    screens.o(i.drawDigitalClock) refers to screens.o(i.drawBackMessage) for drawBackMessage
    screens.o(i.drawMainMenu) refers to st7735.o(i.ST7735_FillScreen) for ST7735_FillScreen
    screens.o(i.drawMainMenu) refers to st7735.o(i.ST7735_SetCursor) for ST7735_SetCursor
    screens.o(i.drawMainMenu) refers to st7735.o(i.ST7735_OutString) for ST7735_OutString
    screens.o(i.drawMainMenu) refers to screens.o(.data) for currentMenuOpt
    screens.o(i.drawSettings) refers to _printf_percent.o(.ARM.Collect$$_printf_percent$$00000000) for _printf_percent
    screens.o(i.drawSettings) refers to _printf_d.o(.ARM.Collect$$_printf_percent$$00000009) for _printf_d
    screens.o(i.drawSettings) refers to _printf_dec.o(.text) for _printf_int_dec
    screens.o(i.drawSettings) refers to clocktime.o(i.getCurrentTime) for getCurrentTime
    screens.o(i.drawSettings) refers to clocktime.o(i.getAlarmTime) for getAlarmTime
    screens.o(i.drawSettings) refers to clocktime.o(i.isAlarmEnabled) for isAlarmEnabled
    screens.o(i.drawSettings) refers to noretval__2sprintf.o(.text) for __2sprintf
    screens.o(i.drawSettings) refers to st7735.o(i.ST7735_FillScreen) for ST7735_FillScreen
    screens.o(i.drawSettings) refers to st7735.o(i.ST7735_SetCursor) for ST7735_SetCursor
    screens.o(i.drawSettings) refers to st7735.o(i.ST7735_OutString) for ST7735_OutString
    screens.o(i.drawSettings) refers to screens.o(.data) for settingTime
    screens.o(i.getAlarmSettingTime) refers to screens.o(.data) for alarmSettingTime
    screens.o(i.getCurrentMenuOpt) refers to screens.o(.data) for currentMenuOpt
    screens.o(i.getCurrentScreen) refers to screens.o(.data) for currentScreen
    screens.o(i.getCurrentSettingsOpt) refers to screens.o(.data) for currentSettingsOpt
    screens.o(i.getCurrentSettingsOpt2) refers to screens.o(.data) for currentSettingsOpt2
    screens.o(i.getSettingTime) refers to screens.o(.data) for settingTime
    screens.o(i.handleDown) refers to screens.o(.data) for currentMenuOpt
    screens.o(i.handleRight) refers to screens.o(i.setCurrentScreen) for setCurrentScreen
    screens.o(i.handleRight) refers to screens.o(.data) for currentMenuOpt
    screens.o(i.handleUp) refers to screens.o(.data) for currentMenuOpt
    screens.o(i.setAlarmSettingTime) refers to screens.o(.data) for alarmSettingTime
    screens.o(i.setCurrentMenuOpt) refers to screens.o(.data) for currentMenuOpt
    screens.o(i.setCurrentScreen) refers to screens.o(.data) for currentScreen
    screens.o(i.setCurrentSettingsOpt) refers to screens.o(.data) for currentSettingsOpt
    screens.o(i.setCurrentSettingsOpt2) refers to screens.o(.data) for currentSettingsOpt2
    screens.o(i.setSettingTime) refers to screens.o(.data) for settingTime
    screens.o(.data) refers to screens.o(.conststring) for .conststring
    __2sprintf.o(.text) refers to _printf_char_common.o(.text) for _printf_char_common
    __2sprintf.o(.text) refers to _sputc.o(.text) for _sputc
    noretval__2sprintf.o(.text) refers to _printf_char_common.o(.text) for _printf_char_common
    noretval__2sprintf.o(.text) refers to _sputc.o(.text) for _sputc
    __printf.o(.text) refers to _printf_percent.o(.ARM.Collect$$_printf_percent$$00000000) for _printf_percent
    _printf_dec.o(.text) refers to _printf_intcommon.o(.text) for _printf_int_common
    __printf_flags.o(.text) refers to _printf_percent.o(.ARM.Collect$$_printf_percent$$00000000) for _printf_percent
    __printf_flags.o(.text) refers to __printf_flags.o(.constdata) for .constdata
    __printf_ss.o(.text) refers to _printf_percent.o(.ARM.Collect$$_printf_percent$$00000000) for _printf_percent
    __printf_flags_ss.o(.text) refers to _printf_percent.o(.ARM.Collect$$_printf_percent$$00000000) for _printf_percent
    __printf_flags_ss.o(.text) refers to __printf_flags_ss.o(.constdata) for .constdata
    __printf_wp.o(.text) refers to __printf_wp.o(i._is_digit) for _is_digit
    __printf_wp.o(.text) refers to _printf_percent.o(.ARM.Collect$$_printf_percent$$00000000) for _printf_percent
    __printf_flags_wp.o(.text) refers to __printf_wp.o(i._is_digit) for _is_digit
    __printf_flags_wp.o(.text) refers to _printf_percent.o(.ARM.Collect$$_printf_percent$$00000000) for _printf_percent
    __printf_flags_wp.o(.text) refers to __printf_flags_wp.o(.constdata) for .constdata
    __printf_ss_wp.o(.text) refers to __printf_wp.o(i._is_digit) for _is_digit
    __printf_ss_wp.o(.text) refers to _printf_percent.o(.ARM.Collect$$_printf_percent$$00000000) for _printf_percent
    __printf_flags_ss_wp.o(.text) refers to __printf_wp.o(i._is_digit) for _is_digit
    __printf_flags_ss_wp.o(.text) refers to _printf_percent.o(.ARM.Collect$$_printf_percent$$00000000) for _printf_percent
    __printf_flags_ss_wp.o(.text) refers to __printf_flags_ss_wp.o(.constdata) for .constdata
    _printf_d.o(.ARM.Collect$$_printf_percent$$00000009) refers (Weak) to _printf_dec.o(.text) for _printf_int_dec
    _printf_percent.o(.ARM.Collect$$_printf_percent$$00000000) refers (Special) to _printf_percent_end.o(.ARM.Collect$$_printf_percent$$00000017) for _printf_percent_end
    __main.o(!!!main) refers to rtentry.o(.ARM.Collect$$rtentry$$00000000) for __rt_entry
    daddsub_clz.o(x$fpl$dadd) refers (Special) to usenofp.o(x$fpl$usenofp) for __I$use$fp
    daddsub_clz.o(x$fpl$dadd) refers to daddsub_clz.o(x$fpl$dsub) for _dsub1
    daddsub_clz.o(x$fpl$dadd) refers to dretinf.o(x$fpl$dretinf) for __fpl_dretinf
    daddsub_clz.o(x$fpl$dadd) refers to dnaninf.o(x$fpl$dnaninf) for __fpl_dnaninf
    daddsub_clz.o(x$fpl$drsb) refers (Special) to usenofp.o(x$fpl$usenofp) for __I$use$fp
    daddsub_clz.o(x$fpl$drsb) refers to daddsub_clz.o(x$fpl$dadd) for _dadd1
    daddsub_clz.o(x$fpl$drsb) refers to daddsub_clz.o(x$fpl$dsub) for _dsub1
    daddsub_clz.o(x$fpl$dsub) refers (Special) to usenofp.o(x$fpl$usenofp) for __I$use$fp
    daddsub_clz.o(x$fpl$dsub) refers to daddsub_clz.o(x$fpl$dadd) for _dadd1
    daddsub_clz.o(x$fpl$dsub) refers to dnaninf.o(x$fpl$dnaninf) for __fpl_dnaninf
    ddiv.o(x$fpl$drdiv) refers (Special) to usenofp.o(x$fpl$usenofp) for __I$use$fp
    ddiv.o(x$fpl$drdiv) refers to ddiv.o(x$fpl$ddiv) for ddiv_entry
    ddiv.o(x$fpl$ddiv) refers (Special) to usenofp.o(x$fpl$usenofp) for __I$use$fp
    ddiv.o(x$fpl$ddiv) refers to dretinf.o(x$fpl$dretinf) for __fpl_dretinf
    ddiv.o(x$fpl$ddiv) refers to dnaninf.o(x$fpl$dnaninf) for __fpl_dnaninf
    deqf.o(x$fpl$deqf) refers (Special) to usenofp.o(x$fpl$usenofp) for __I$use$fp
    deqf.o(x$fpl$deqf) refers to dnaninf.o(x$fpl$dnaninf) for __fpl_dnaninf
    deqf.o(x$fpl$deqf) refers to dcmpi.o(x$fpl$dcmpinf) for __fpl_dcmp_Inf
    dfix.o(x$fpl$dfix) refers (Special) to usenofp.o(x$fpl$usenofp) for __I$use$fp
    dfix.o(x$fpl$dfix) refers to dnaninf.o(x$fpl$dnaninf) for __fpl_dnaninf
    dfix.o(x$fpl$dfixr) refers (Special) to usenofp.o(x$fpl$usenofp) for __I$use$fp
    dfix.o(x$fpl$dfixr) refers to dnaninf.o(x$fpl$dnaninf) for __fpl_dnaninf
    dflt_clz.o(x$fpl$dfltu) refers (Special) to usenofp.o(x$fpl$usenofp) for __I$use$fp
    dflt_clz.o(x$fpl$dflt) refers (Special) to usenofp.o(x$fpl$usenofp) for __I$use$fp
    dflt_clz.o(x$fpl$dfltn) refers (Special) to usenofp.o(x$fpl$usenofp) for __I$use$fp
    dleqf.o(x$fpl$dleqf) refers (Special) to usenofp.o(x$fpl$usenofp) for __I$use$fp
    dleqf.o(x$fpl$dleqf) refers to dnaninf.o(x$fpl$dnaninf) for __fpl_dnaninf
    dleqf.o(x$fpl$dleqf) refers to dcmpi.o(x$fpl$dcmpinf) for __fpl_dcmp_Inf
    dmul.o(x$fpl$dmul) refers (Special) to usenofp.o(x$fpl$usenofp) for __I$use$fp
    dmul.o(x$fpl$dmul) refers to dretinf.o(x$fpl$dretinf) for __fpl_dretinf
    dmul.o(x$fpl$dmul) refers to dnaninf.o(x$fpl$dnaninf) for __fpl_dnaninf
    acos.o(i.__softfp_acos) refers (Special) to usenofp.o(x$fpl$usenofp) for __I$use$fp
    acos.o(i.__softfp_acos) refers to acos.o(i.acos) for acos
    acos.o(i.acos) refers (Special) to usenofp.o(x$fpl$usenofp) for __I$use$fp
    acos.o(i.acos) refers to scalbn.o(x$fpl$scalbn) for __ARM_scalbn
    acos.o(i.acos) refers to _rserrno.o(.text) for __set_errno
    acos.o(i.acos) refers to ddiv.o(x$fpl$ddiv) for __aeabi_ddiv
    acos.o(i.acos) refers to dmul.o(x$fpl$dmul) for __aeabi_dmul
    acos.o(i.acos) refers to poly.o(i.__kernel_poly) for __kernel_poly
    acos.o(i.acos) refers to daddsub_clz.o(x$fpl$dadd) for __aeabi_dadd
    acos.o(i.acos) refers to daddsub_clz.o(x$fpl$drsb) for __aeabi_drsub
    acos.o(i.acos) refers to sqrt.o(i.sqrt) for sqrt
    acos.o(i.acos) refers to daddsub_clz.o(x$fpl$dsub) for __aeabi_dsub
    acos.o(i.acos) refers to acos.o(.constdata) for .constdata
    acos.o(.constdata) refers (Special) to usenofp.o(x$fpl$usenofp) for __I$use$fp
    acos_x.o(i.____softfp_acos$lsc) refers (Special) to usenofp.o(x$fpl$usenofp) for __I$use$fp
    acos_x.o(i.____softfp_acos$lsc) refers to acos_x.o(i.__acos$lsc) for __acos$lsc
    acos_x.o(i.__acos$lsc) refers (Special) to usenofp.o(x$fpl$usenofp) for __I$use$fp
    acos_x.o(i.__acos$lsc) refers to scalbn.o(x$fpl$scalbn) for __ARM_scalbn
    acos_x.o(i.__acos$lsc) refers to _rserrno.o(.text) for __set_errno
    acos_x.o(i.__acos$lsc) refers to dmul.o(x$fpl$dmul) for __aeabi_dmul
    acos_x.o(i.__acos$lsc) refers to poly.o(i.__kernel_poly) for __kernel_poly
    acos_x.o(i.__acos$lsc) refers to daddsub_clz.o(x$fpl$dadd) for __aeabi_dadd
    acos_x.o(i.__acos$lsc) refers to ddiv.o(x$fpl$ddiv) for __aeabi_ddiv
    acos_x.o(i.__acos$lsc) refers to daddsub_clz.o(x$fpl$drsb) for __aeabi_drsub
    acos_x.o(i.__acos$lsc) refers to sqrt.o(i.sqrt) for sqrt
    acos_x.o(i.__acos$lsc) refers to daddsub_clz.o(x$fpl$dsub) for __aeabi_dsub
    acos_x.o(i.__acos$lsc) refers to acos_x.o(.constdata) for .constdata
    acos_x.o(.constdata) refers (Special) to usenofp.o(x$fpl$usenofp) for __I$use$fp
    asin.o(i.__softfp_asin) refers (Special) to usenofp.o(x$fpl$usenofp) for __I$use$fp
    asin.o(i.__softfp_asin) refers to asin.o(i.asin) for asin
    asin.o(i.asin) refers (Special) to usenofp.o(x$fpl$usenofp) for __I$use$fp
    asin.o(i.asin) refers to scalbn.o(x$fpl$scalbn) for __ARM_scalbn
    asin.o(i.asin) refers to dmul.o(x$fpl$dmul) for __aeabi_dmul
    asin.o(i.asin) refers to daddsub_clz.o(x$fpl$dadd) for __aeabi_dadd
    asin.o(i.asin) refers to _rserrno.o(.text) for __set_errno
    asin.o(i.asin) refers to ddiv.o(x$fpl$ddiv) for __aeabi_ddiv
    asin.o(i.asin) refers to fpclassify.o(i.__ARM_fpclassify) for __ARM_fpclassify
    asin.o(i.asin) refers to dunder.o(i.__mathlib_dbl_underflow) for __mathlib_dbl_underflow
    asin.o(i.asin) refers to poly.o(i.__kernel_poly) for __kernel_poly
    asin.o(i.asin) refers to daddsub_clz.o(x$fpl$drsb) for __aeabi_drsub
    asin.o(i.asin) refers to sqrt.o(i.sqrt) for sqrt
    asin.o(i.asin) refers to daddsub_clz.o(x$fpl$dsub) for __aeabi_dsub
    asin.o(i.asin) refers to asin.o(.constdata) for .constdata
    asin.o(.constdata) refers (Special) to usenofp.o(x$fpl$usenofp) for __I$use$fp
    asin_x.o(i.____softfp_asin$lsc) refers (Special) to usenofp.o(x$fpl$usenofp) for __I$use$fp
    asin_x.o(i.____softfp_asin$lsc) refers to asin_x.o(i.__asin$lsc) for __asin$lsc
    asin_x.o(i.__asin$lsc) refers (Special) to usenofp.o(x$fpl$usenofp) for __I$use$fp
    asin_x.o(i.__asin$lsc) refers to scalbn.o(x$fpl$scalbn) for __ARM_scalbn
    asin_x.o(i.__asin$lsc) refers to dmul.o(x$fpl$dmul) for __aeabi_dmul
    asin_x.o(i.__asin$lsc) refers to daddsub_clz.o(x$fpl$dadd) for __aeabi_dadd
    asin_x.o(i.__asin$lsc) refers to _rserrno.o(.text) for __set_errno
    asin_x.o(i.__asin$lsc) refers to poly.o(i.__kernel_poly) for __kernel_poly
    asin_x.o(i.__asin$lsc) refers to ddiv.o(x$fpl$ddiv) for __aeabi_ddiv
    asin_x.o(i.__asin$lsc) refers to daddsub_clz.o(x$fpl$drsb) for __aeabi_drsub
    asin_x.o(i.__asin$lsc) refers to sqrt.o(i.sqrt) for sqrt
    asin_x.o(i.__asin$lsc) refers to daddsub_clz.o(x$fpl$dsub) for __aeabi_dsub
    asin_x.o(i.__asin$lsc) refers to asin_x.o(.constdata) for .constdata
    asin_x.o(.constdata) refers (Special) to usenofp.o(x$fpl$usenofp) for __I$use$fp
    cos.o(i.__softfp_cos) refers (Special) to usenofp.o(x$fpl$usenofp) for __I$use$fp
    cos.o(i.__softfp_cos) refers to cos.o(i.cos) for cos
    cos.o(i.cos) refers (Special) to usenofp.o(x$fpl$usenofp) for __I$use$fp
    cos.o(i.cos) refers to _rserrno.o(.text) for __set_errno
    cos.o(i.cos) refers to ddiv.o(x$fpl$ddiv) for __aeabi_ddiv
    cos.o(i.cos) refers to scalbn.o(x$fpl$scalbn) for __ARM_scalbn
    cos.o(i.cos) refers to rred.o(i.__ieee754_rem_pio2) for __ieee754_rem_pio2
    cos.o(i.cos) refers to sin_i.o(i.__kernel_sin) for __kernel_sin
    cos.o(i.cos) refers to cos_i.o(i.__kernel_cos) for __kernel_cos
    cos_x.o(i.____softfp_cos$lsc) refers (Special) to usenofp.o(x$fpl$usenofp) for __I$use$fp
    cos_x.o(i.____softfp_cos$lsc) refers to cos_x.o(i.__cos$lsc) for __cos$lsc
    cos_x.o(i.__cos$lsc) refers (Special) to usenofp.o(x$fpl$usenofp) for __I$use$fp
    cos_x.o(i.__cos$lsc) refers to _rserrno.o(.text) for __set_errno
    cos_x.o(i.__cos$lsc) refers to scalbn.o(x$fpl$scalbn) for __ARM_scalbn
    cos_x.o(i.__cos$lsc) refers to rred.o(i.__ieee754_rem_pio2) for __ieee754_rem_pio2
    cos_x.o(i.__cos$lsc) refers to sin_i.o(i.__kernel_sin) for __kernel_sin
    cos_x.o(i.__cos$lsc) refers to cos_i.o(i.__kernel_cos) for __kernel_cos
    sin.o(i.__softfp_sin) refers (Special) to usenofp.o(x$fpl$usenofp) for __I$use$fp
    sin.o(i.__softfp_sin) refers to sin.o(i.sin) for sin
    sin.o(i.sin) refers (Special) to usenofp.o(x$fpl$usenofp) for __I$use$fp
    sin.o(i.sin) refers to _rserrno.o(.text) for __set_errno
    sin.o(i.sin) refers to ddiv.o(x$fpl$ddiv) for __aeabi_ddiv
    sin.o(i.sin) refers to scalbn.o(x$fpl$scalbn) for __ARM_scalbn
    sin.o(i.sin) refers to rred.o(i.__ieee754_rem_pio2) for __ieee754_rem_pio2
    sin.o(i.sin) refers to cos_i.o(i.__kernel_cos) for __kernel_cos
    sin.o(i.sin) refers to sin_i.o(i.__kernel_sin) for __kernel_sin
    sin_x.o(i.____softfp_sin$lsc) refers (Special) to usenofp.o(x$fpl$usenofp) for __I$use$fp
    sin_x.o(i.____softfp_sin$lsc) refers to sin_x.o(i.__sin$lsc) for __sin$lsc
    sin_x.o(i.__sin$lsc) refers (Special) to usenofp.o(x$fpl$usenofp) for __I$use$fp
    sin_x.o(i.__sin$lsc) refers to _rserrno.o(.text) for __set_errno
    sin_x.o(i.__sin$lsc) refers to scalbn.o(x$fpl$scalbn) for __ARM_scalbn
    sin_x.o(i.__sin$lsc) refers to rred.o(i.__ieee754_rem_pio2) for __ieee754_rem_pio2
    sin_x.o(i.__sin$lsc) refers to cos_i.o(i.__kernel_cos) for __kernel_cos
    sin_x.o(i.__sin$lsc) refers to sin_i.o(i.__kernel_sin) for __kernel_sin
    sqrt.o(i.__softfp_sqrt) refers (Special) to usenofp.o(x$fpl$usenofp) for __I$use$fp
    sqrt.o(i.__softfp_sqrt) refers to dsqrt_umaal.o(x$fpl$dsqrt) for _dsqrt
    sqrt.o(i.__softfp_sqrt) refers to _rserrno.o(.text) for __set_errno
    sqrt.o(i.sqrt) refers (Special) to usenofp.o(x$fpl$usenofp) for __I$use$fp
    sqrt.o(i.sqrt) refers to dsqrt_umaal.o(x$fpl$dsqrt) for _dsqrt
    sqrt.o(i.sqrt) refers to _rserrno.o(.text) for __set_errno
    sqrt_x.o(i.____softfp_sqrt$lsc) refers (Special) to usenofp.o(x$fpl$usenofp) for __I$use$fp
    sqrt_x.o(i.____softfp_sqrt$lsc) refers to dleqf.o(x$fpl$dleqf) for __aeabi_cdcmple
    sqrt_x.o(i.____softfp_sqrt$lsc) refers to _rserrno.o(.text) for __set_errno
    sqrt_x.o(i.____softfp_sqrt$lsc) refers to dsqrt_umaal.o(x$fpl$dsqrt) for _dsqrt
    sqrt_x.o(i.__sqrt$lsc) refers (Special) to usenofp.o(x$fpl$usenofp) for __I$use$fp
    sqrt_x.o(i.__sqrt$lsc) refers to dleqf.o(x$fpl$dleqf) for __aeabi_cdcmple
    sqrt_x.o(i.__sqrt$lsc) refers to _rserrno.o(.text) for __set_errno
    sqrt_x.o(i.__sqrt$lsc) refers to dsqrt_umaal.o(x$fpl$dsqrt) for _dsqrt
    rtentry.o(.ARM.Collect$$rtentry$$00000000) refers (Special) to rtentry2.o(.ARM.Collect$$rtentry$$0000000A) for __rt_entry_li
    rtentry.o(.ARM.Collect$$rtentry$$00000000) refers (Special) to rtentry2.o(.ARM.Collect$$rtentry$$0000000D) for __rt_entry_main
    rtentry.o(.ARM.Collect$$rtentry$$00000000) refers (Special) to rtentry2.o(.ARM.Collect$$rtentry$$0000000C) for __rt_entry_postli_1
    rtentry.o(.ARM.Collect$$rtentry$$00000000) refers (Special) to rtentry2.o(.ARM.Collect$$rtentry$$00000009) for __rt_entry_postsh_1
    rtentry.o(.ARM.Collect$$rtentry$$00000000) refers (Special) to rtentry2.o(.ARM.Collect$$rtentry$$00000002) for __rt_entry_presh_1
    rtentry.o(.ARM.Collect$$rtentry$$00000000) refers (Special) to rtentry4.o(.ARM.Collect$$rtentry$$00000004) for __rt_entry_sh
    _rserrno.o(.text) refers to rt_errno_addr_intlibspace.o(.text) for __aeabi_errno_addr
    _printf_char_common.o(.text) refers to __printf.o(.text) for __printf
    dcmpi.o(x$fpl$dcmpinf) refers (Special) to usenofp.o(x$fpl$usenofp) for __I$use$fp
    dnaninf.o(x$fpl$dnaninf) refers (Special) to usenofp.o(x$fpl$usenofp) for __I$use$fp
    dretinf.o(x$fpl$dretinf) refers (Special) to usenofp.o(x$fpl$usenofp) for __I$use$fp
    dsqrt_umaal.o(x$fpl$dsqrt) refers (Special) to usenofp.o(x$fpl$usenofp) for __I$use$fp
    dsqrt_umaal.o(x$fpl$dsqrt) refers to dnaninf.o(x$fpl$dnaninf) for __fpl_dnaninf
    scalbn.o(x$fpl$scalbn) refers (Special) to usenofp.o(x$fpl$usenofp) for __I$use$fp
    scalbn.o(x$fpl$scalbn) refers to dcheck1.o(x$fpl$dcheck1) for __fpl_dcheck_NaN1
    cos_i.o(i.__kernel_cos) refers (Special) to usenofp.o(x$fpl$usenofp) for __I$use$fp
    cos_i.o(i.__kernel_cos) refers to dfix.o(x$fpl$dfix) for __aeabi_d2iz
    cos_i.o(i.__kernel_cos) refers to dmul.o(x$fpl$dmul) for __aeabi_dmul
    cos_i.o(i.__kernel_cos) refers to poly.o(i.__kernel_poly) for __kernel_poly
    cos_i.o(i.__kernel_cos) refers to daddsub_clz.o(x$fpl$dsub) for __aeabi_dsub
    cos_i.o(i.__kernel_cos) refers to scalbn.o(x$fpl$scalbn) for __ARM_scalbn
    cos_i.o(i.__kernel_cos) refers to daddsub_clz.o(x$fpl$drsb) for __aeabi_drsub
    cos_i.o(i.__kernel_cos) refers to cos_i.o(.constdata) for .constdata
    cos_i.o(.constdata) refers (Special) to usenofp.o(x$fpl$usenofp) for __I$use$fp
    dunder.o(i.__mathlib_dbl_underflow) refers to scalbn.o(x$fpl$scalbn) for __ARM_scalbn
    fpclassify.o(i.__ARM_fpclassify) refers (Special) to usenofp.o(x$fpl$usenofp) for __I$use$fp
    poly.o(i.__kernel_poly) refers (Special) to usenofp.o(x$fpl$usenofp) for __I$use$fp
    poly.o(i.__kernel_poly) refers to dmul.o(x$fpl$dmul) for __aeabi_dmul
    poly.o(i.__kernel_poly) refers to daddsub_clz.o(x$fpl$dadd) for __aeabi_dadd
    rred.o(i.__ieee754_rem_pio2) refers (Special) to usenofp.o(x$fpl$usenofp) for __I$use$fp
    rred.o(i.__ieee754_rem_pio2) refers to daddsub_clz.o(x$fpl$dsub) for __aeabi_dsub
    rred.o(i.__ieee754_rem_pio2) refers to daddsub_clz.o(x$fpl$dadd) for __aeabi_dadd
    rred.o(i.__ieee754_rem_pio2) refers to dmul.o(x$fpl$dmul) for __aeabi_dmul
    rred.o(i.__ieee754_rem_pio2) refers to dfix.o(x$fpl$dfix) for __aeabi_d2iz
    rred.o(i.__ieee754_rem_pio2) refers to dflt_clz.o(x$fpl$dflt) for __aeabi_i2d
    rred.o(i.__ieee754_rem_pio2) refers to daddsub_clz.o(x$fpl$drsb) for __aeabi_drsub
    rred.o(i.__ieee754_rem_pio2) refers to dflt_clz.o(x$fpl$dfltu) for __aeabi_ui2d
    rred.o(i.__ieee754_rem_pio2) refers to scalbn.o(x$fpl$scalbn) for __ARM_scalbn
    rred.o(i.__ieee754_rem_pio2) refers to rred.o(.constdata) for .constdata
    rred.o(i.__use_accurate_range_reduction) refers (Special) to usenofp.o(x$fpl$usenofp) for __I$use$fp
    rred.o(.constdata) refers (Special) to usenofp.o(x$fpl$usenofp) for __I$use$fp
    sin_i.o(i.__kernel_sin) refers (Special) to usenofp.o(x$fpl$usenofp) for __I$use$fp
    sin_i.o(i.__kernel_sin) refers to fpclassify.o(i.__ARM_fpclassify) for __ARM_fpclassify
    sin_i.o(i.__kernel_sin) refers to dunder.o(i.__mathlib_dbl_underflow) for __mathlib_dbl_underflow
    sin_i.o(i.__kernel_sin) refers to dmul.o(x$fpl$dmul) for __aeabi_dmul
    sin_i.o(i.__kernel_sin) refers to poly.o(i.__kernel_poly) for __kernel_poly
    sin_i.o(i.__kernel_sin) refers to scalbn.o(x$fpl$scalbn) for __ARM_scalbn
    sin_i.o(i.__kernel_sin) refers to daddsub_clz.o(x$fpl$dsub) for __aeabi_dsub
    sin_i.o(i.__kernel_sin) refers to daddsub_clz.o(x$fpl$drsb) for __aeabi_drsub
    sin_i.o(i.__kernel_sin) refers to daddsub_clz.o(x$fpl$dadd) for __aeabi_dadd
    sin_i.o(i.__kernel_sin) refers to sin_i.o(.constdata) for .constdata
    sin_i.o(.constdata) refers (Special) to usenofp.o(x$fpl$usenofp) for __I$use$fp
    sin_i_x.o(i.____kernel_sin$lsc) refers (Special) to usenofp.o(x$fpl$usenofp) for __I$use$fp
    sin_i_x.o(i.____kernel_sin$lsc) refers to dmul.o(x$fpl$dmul) for __aeabi_dmul
    sin_i_x.o(i.____kernel_sin$lsc) refers to poly.o(i.__kernel_poly) for __kernel_poly
    sin_i_x.o(i.____kernel_sin$lsc) refers to scalbn.o(x$fpl$scalbn) for __ARM_scalbn
    sin_i_x.o(i.____kernel_sin$lsc) refers to daddsub_clz.o(x$fpl$dsub) for __aeabi_dsub
    sin_i_x.o(i.____kernel_sin$lsc) refers to daddsub_clz.o(x$fpl$drsb) for __aeabi_drsub
    sin_i_x.o(i.____kernel_sin$lsc) refers to daddsub_clz.o(x$fpl$dadd) for __aeabi_dadd
    sin_i_x.o(i.____kernel_sin$lsc) refers to sin_i_x.o(.constdata) for .constdata
    sin_i_x.o(.constdata) refers (Special) to usenofp.o(x$fpl$usenofp) for __I$use$fp
    rtentry2.o(.ARM.Collect$$rtentry$$00000008) refers to boardinit2.o(.text) for _platform_post_stackheap_init
    rtentry2.o(.ARM.Collect$$rtentry$$0000000A) refers to libinit.o(.ARM.Collect$$libinit$$00000000) for __rt_lib_init
    rtentry2.o(.ARM.Collect$$rtentry$$0000000B) refers to boardinit3.o(.text) for _platform_post_lib_init
    rtentry2.o(.ARM.Collect$$rtentry$$0000000D) refers to lab3main.o(i.main) for main
    rtentry2.o(.ARM.Collect$$rtentry$$0000000D) refers to exit.o(.text) for exit
    rtentry2.o(.ARM.exidx) refers to rtentry2.o(.ARM.Collect$$rtentry$$00000001) for .ARM.Collect$$rtentry$$00000001
    rtentry2.o(.ARM.exidx) refers to rtentry2.o(.ARM.Collect$$rtentry$$00000008) for .ARM.Collect$$rtentry$$00000008
    rtentry2.o(.ARM.exidx) refers to rtentry2.o(.ARM.Collect$$rtentry$$0000000A) for .ARM.Collect$$rtentry$$0000000A
    rtentry2.o(.ARM.exidx) refers to rtentry2.o(.ARM.Collect$$rtentry$$0000000B) for .ARM.Collect$$rtentry$$0000000B
    rtentry2.o(.ARM.exidx) refers to rtentry2.o(.ARM.Collect$$rtentry$$0000000D) for .ARM.Collect$$rtentry$$0000000D
    rtentry4.o(.ARM.Collect$$rtentry$$00000004) refers to sys_stackheap_outer.o(.text) for __user_setup_stackheap
    rtentry4.o(.ARM.exidx) refers to rtentry4.o(.ARM.Collect$$rtentry$$00000004) for .ARM.Collect$$rtentry$$00000004
    rt_errno_addr.o(.text) refers to rt_errno_addr.o(.bss) for __aeabi_errno_addr_data
    rt_errno_addr_intlibspace.o(.text) refers to libspace.o(.bss) for __libspace_start
    dcheck1.o(x$fpl$dcheck1) refers (Special) to usenofp.o(x$fpl$usenofp) for __I$use$fp
    dcheck1.o(x$fpl$dcheck1) refers to retnan.o(x$fpl$retnan) for __fpl_return_NaN
    libspace.o(.text) refers to libspace.o(.bss) for __libspace_start
    sys_stackheap_outer.o(.text) refers to libspace.o(.text) for __user_perproc_libspace
    sys_stackheap_outer.o(.text) refers to startup.o(.text) for __user_initial_stackheap
    exit.o(.text) refers to rtexit.o(.ARM.Collect$$rtexit$$00000000) for __rt_exit
    libinit.o(.ARM.Collect$$libinit$$00000000) refers (Special) to libinit2.o(.ARM.Collect$$libinit$$0000002C) for __rt_lib_init_alloca_1
    libinit.o(.ARM.Collect$$libinit$$00000000) refers (Special) to libinit2.o(.ARM.Collect$$libinit$$0000002A) for __rt_lib_init_argv_1
    libinit.o(.ARM.Collect$$libinit$$00000000) refers (Special) to libinit2.o(.ARM.Collect$$libinit$$00000019) for __rt_lib_init_atexit_1
    libinit.o(.ARM.Collect$$libinit$$00000000) refers (Special) to libinit2.o(.ARM.Collect$$libinit$$0000001F) for __rt_lib_init_clock_1
    libinit.o(.ARM.Collect$$libinit$$00000000) refers (Special) to libinit2.o(.ARM.Collect$$libinit$$00000030) for __rt_lib_init_cpp_1
    libinit.o(.ARM.Collect$$libinit$$00000000) refers (Special) to libinit2.o(.ARM.Collect$$libinit$$0000002E) for __rt_lib_init_exceptions_1
    libinit.o(.ARM.Collect$$libinit$$00000000) refers (Special) to libinit2.o(.ARM.Collect$$libinit$$00000002) for __rt_lib_init_fp_1
    libinit.o(.ARM.Collect$$libinit$$00000000) refers (Special) to libinit2.o(.ARM.Collect$$libinit$$0000001D) for __rt_lib_init_fp_trap_1
    libinit.o(.ARM.Collect$$libinit$$00000000) refers (Special) to libinit2.o(.ARM.Collect$$libinit$$00000021) for __rt_lib_init_getenv_1
    libinit.o(.ARM.Collect$$libinit$$00000000) refers (Special) to libinit2.o(.ARM.Collect$$libinit$$00000008) for __rt_lib_init_heap_1
    libinit.o(.ARM.Collect$$libinit$$00000000) refers (Special) to libinit2.o(.ARM.Collect$$libinit$$0000000F) for __rt_lib_init_lc_collate_1
    libinit.o(.ARM.Collect$$libinit$$00000000) refers (Special) to libinit2.o(.ARM.Collect$$libinit$$00000011) for __rt_lib_init_lc_ctype_1
    libinit.o(.ARM.Collect$$libinit$$00000000) refers (Special) to libinit2.o(.ARM.Collect$$libinit$$00000013) for __rt_lib_init_lc_monetary_1
    libinit.o(.ARM.Collect$$libinit$$00000000) refers (Special) to libinit2.o(.ARM.Collect$$libinit$$00000015) for __rt_lib_init_lc_numeric_1
    libinit.o(.ARM.Collect$$libinit$$00000000) refers (Special) to libinit2.o(.ARM.Collect$$libinit$$00000017) for __rt_lib_init_lc_time_1
    libinit.o(.ARM.Collect$$libinit$$00000000) refers (Special) to libinit2.o(.ARM.Collect$$libinit$$0000000C) for __rt_lib_init_rand_1
    libinit.o(.ARM.Collect$$libinit$$00000000) refers (Special) to libinit2.o(.ARM.Collect$$libinit$$00000031) for __rt_lib_init_return
    libinit.o(.ARM.Collect$$libinit$$00000000) refers (Special) to libinit2.o(.ARM.Collect$$libinit$$0000001B) for __rt_lib_init_signal_1
    libinit.o(.ARM.Collect$$libinit$$00000000) refers (Special) to libinit2.o(.ARM.Collect$$libinit$$00000023) for __rt_lib_init_stdio_1
    libinit.o(.ARM.Collect$$libinit$$00000000) refers (Special) to libinit2.o(.ARM.Collect$$libinit$$0000000A) for __rt_lib_init_user_alloc_1
    retnan.o(x$fpl$retnan) refers (Special) to usenofp.o(x$fpl$usenofp) for __I$use$fp
    retnan.o(x$fpl$retnan) refers to trapv.o(x$fpl$trapveneer) for __fpl_cmpreturn
    rtexit.o(.ARM.Collect$$rtexit$$00000000) refers (Special) to rtexit2.o(.ARM.Collect$$rtexit$$00000004) for __rt_exit_exit
    rtexit.o(.ARM.Collect$$rtexit$$00000000) refers (Special) to rtexit2.o(.ARM.Collect$$rtexit$$00000003) for __rt_exit_ls
    rtexit.o(.ARM.Collect$$rtexit$$00000000) refers (Special) to rtexit2.o(.ARM.Collect$$rtexit$$00000002) for __rt_exit_prels_1
    rtexit.o(.ARM.exidx) refers (Special) to rtexit2.o(.ARM.Collect$$rtexit$$00000004) for __rt_exit_exit
    rtexit.o(.ARM.exidx) refers (Special) to rtexit2.o(.ARM.Collect$$rtexit$$00000003) for __rt_exit_ls
    rtexit.o(.ARM.exidx) refers (Special) to rtexit2.o(.ARM.Collect$$rtexit$$00000002) for __rt_exit_prels_1
    rtexit.o(.ARM.exidx) refers to rtexit.o(.ARM.Collect$$rtexit$$00000000) for .ARM.Collect$$rtexit$$00000000
    libinit2.o(.ARM.Collect$$libinit$$0000000E) refers to libinit2.o(.ARM.Collect$$libinit$$0000000D) for .ARM.Collect$$libinit$$0000000D
    libinit2.o(.ARM.Collect$$libinit$$00000010) refers to libinit2.o(.ARM.Collect$$libinit$$0000000D) for .ARM.Collect$$libinit$$0000000D
    libinit2.o(.ARM.Collect$$libinit$$00000012) refers to libinit2.o(.ARM.Collect$$libinit$$0000000D) for .ARM.Collect$$libinit$$0000000D
    libinit2.o(.ARM.Collect$$libinit$$00000014) refers to libinit2.o(.ARM.Collect$$libinit$$0000000D) for .ARM.Collect$$libinit$$0000000D
    libinit2.o(.ARM.Collect$$libinit$$00000016) refers to libinit2.o(.ARM.Collect$$libinit$$0000000D) for .ARM.Collect$$libinit$$0000000D
    libinit2.o(.ARM.Collect$$libinit$$00000024) refers to argv_veneer.o(.emb_text) for __ARM_argv_veneer
    libinit2.o(.ARM.Collect$$libinit$$00000025) refers to argv_veneer.o(.emb_text) for __ARM_argv_veneer
    trapv.o(x$fpl$trapveneer) refers (Special) to usenofp.o(x$fpl$usenofp) for __I$use$fp
    rtexit2.o(.ARM.Collect$$rtexit$$00000003) refers to libshutdown.o(.ARM.Collect$$libshutdown$$00000000) for __rt_lib_shutdown
    rtexit2.o(.ARM.Collect$$rtexit$$00000004) refers to sys_exit.o(.text) for _sys_exit
    rtexit2.o(.ARM.exidx) refers to rtexit2.o(.ARM.Collect$$rtexit$$00000001) for .ARM.Collect$$rtexit$$00000001
    rtexit2.o(.ARM.exidx) refers to rtexit2.o(.ARM.Collect$$rtexit$$00000003) for .ARM.Collect$$rtexit$$00000003
    rtexit2.o(.ARM.exidx) refers to rtexit2.o(.ARM.Collect$$rtexit$$00000004) for .ARM.Collect$$rtexit$$00000004
    argv_veneer.o(.emb_text) refers to no_argv.o(.text) for __ARM_get_argv
    sys_exit.o(.text) refers (Special) to use_no_semi.o(.text) for __I$use$semihosting
    sys_exit.o(.text) refers (Special) to indicate_semi.o(.text) for __semihosting_library_function
    _get_argv_nomalloc.o(.text) refers (Special) to hrguard.o(.text) for __heap_region$guard
    _get_argv_nomalloc.o(.text) refers to defsig_rtmem_outer.o(.text) for __rt_SIGRTMEM
    _get_argv_nomalloc.o(.text) refers to sys_command.o(.text) for _sys_command_string
    libshutdown.o(.ARM.Collect$$libshutdown$$00000000) refers (Special) to libshutdown2.o(.ARM.Collect$$libshutdown$$00000006) for __rt_lib_shutdown_fp_trap_1
    libshutdown.o(.ARM.Collect$$libshutdown$$00000000) refers (Special) to libshutdown2.o(.ARM.Collect$$libshutdown$$0000000E) for __rt_lib_shutdown_heap_1
    libshutdown.o(.ARM.Collect$$libshutdown$$00000000) refers (Special) to libshutdown2.o(.ARM.Collect$$libshutdown$$0000000F) for __rt_lib_shutdown_return
    libshutdown.o(.ARM.Collect$$libshutdown$$00000000) refers (Special) to libshutdown2.o(.ARM.Collect$$libshutdown$$00000009) for __rt_lib_shutdown_signal_1
    libshutdown.o(.ARM.Collect$$libshutdown$$00000000) refers (Special) to libshutdown2.o(.ARM.Collect$$libshutdown$$00000003) for __rt_lib_shutdown_stdio_1
    libshutdown.o(.ARM.Collect$$libshutdown$$00000000) refers (Special) to libshutdown2.o(.ARM.Collect$$libshutdown$$0000000B) for __rt_lib_shutdown_user_alloc_1
    sys_command.o(.text) refers (Special) to use_no_semi.o(.text) for __I$use$semihosting
    sys_command.o(.text) refers (Special) to indicate_semi.o(.text) for __semihosting_library_function
    defsig_rtmem_outer.o(.text) refers to defsig_rtmem_inner.o(.text) for __rt_SIGRTMEM_inner
    defsig_rtmem_outer.o(.text) refers to defsig_exit.o(.text) for __sig_exit
    defsig_rtmem_formal.o(.text) refers to rt_raise.o(.text) for __rt_raise
    rt_raise.o(.text) refers to __raise.o(.text) for __raise
    rt_raise.o(.text) refers to sys_exit.o(.text) for _sys_exit
    defsig_exit.o(.text) refers to sys_exit.o(.text) for _sys_exit
    defsig_rtmem_inner.o(.text) refers to defsig_general.o(.text) for __default_signal_display
    __raise.o(.text) refers to defsig.o(CL$$defsig) for __default_signal_handler
    defsig_general.o(.text) refers to sys_wrch.o(.text) for _ttywrch
    sys_wrch.o(.text) refers (Special) to use_no_semi.o(.text) for __I$use$semihosting
    sys_wrch.o(.text) refers (Special) to indicate_semi.o(.text) for __semihosting_library_function
    defsig.o(CL$$defsig) refers to defsig_rtmem_inner.o(.text) for __rt_SIGRTMEM_inner
    defsig_abrt_inner.o(.text) refers to defsig_general.o(.text) for __default_signal_display
    defsig_fpe_inner.o(.text) refers to defsig_general.o(.text) for __default_signal_display
    defsig_rtred_inner.o(.text) refers to defsig_general.o(.text) for __default_signal_display
    defsig_stak_inner.o(.text) refers to defsig_general.o(.text) for __default_signal_display
    defsig_pvfn_inner.o(.text) refers to defsig_general.o(.text) for __default_signal_display
    defsig_cppl_inner.o(.text) refers to defsig_general.o(.text) for __default_signal_display
    defsig_segv_inner.o(.text) refers to defsig_general.o(.text) for __default_signal_display
    defsig_other.o(.text) refers to defsig_general.o(.text) for __default_signal_display


==============================================================================

Removing Unused input sections from the image.

    Removing st7735.o(i.Output_Clear), (10 bytes).
    Removing st7735.o(i.Output_Init), (16 bytes).
    Removing st7735.o(i.Output_Off), (8 bytes).
    Removing st7735.o(i.Output_On), (8 bytes).
    Removing st7735.o(i.ST7735_Color565), (24 bytes).
    Removing st7735.o(i.ST7735_DrawFastHLine), (124 bytes).
    Removing st7735.o(i.ST7735_DrawFastVLine), (124 bytes).
    Removing st7735.o(i.ST7735_InitB), (40 bytes).
    Removing st7735.o(i.ST7735_InvertDisplay), (22 bytes).
    Removing st7735.o(i.ST7735_OutUDec), (140 bytes).
    Removing st7735.o(i.ST7735_PlotBar), (88 bytes).
    Removing st7735.o(i.ST7735_PlotClear), (92 bytes).
    Removing st7735.o(i.ST7735_PlotLine), (264 bytes).
    Removing st7735.o(i.ST7735_PlotNext), (32 bytes).
    Removing st7735.o(i.ST7735_PlotNextErase), (64 bytes).
    Removing st7735.o(i.ST7735_PlotPoint), (152 bytes).
    Removing st7735.o(i.ST7735_PlotPoints), (172 bytes).
    Removing st7735.o(i.ST7735_PlotdBfs), (60 bytes).
    Removing st7735.o(i.ST7735_SetRotation), (212 bytes).
    Removing st7735.o(i.ST7735_SwapColor), (18 bytes).
    Removing st7735.o(i.ferror), (8 bytes).
    Removing st7735.o(i.fgetc), (6 bytes).
    Removing st7735.o(i.fillmessage), (72 bytes).
    Removing st7735.o(i.fputc), (16 bytes).
    Removing st7735.o(.bss), (12 bytes).
    Removing plotter.o(i.ST7735_XYplot), (208 bytes).
    Removing plotter.o(i.ST7735_XYplotInit), (76 bytes).
    Removing plotter.o(.constdata), (8 bytes).
    Removing eventwatch.o(i.Timer0A_UpdateTask), (12 bytes).
    Removing eventwatch.o(.bss), (160 bytes).
    Removing clocktime.o(i.setAlarmEnabled), (12 bytes).
    Removing alarm.o(i.toggleAlarm), (20 bytes).
    Removing screens.o(i.handleDown), (28 bytes).
    Removing screens.o(i.handleRight), (52 bytes).
    Removing screens.o(i.handleUp), (28 bytes).

35 unused section(s) (total 2388 bytes) removed from the image.

==============================================================================

Memory Map of the image

  Image Entry point : 0x00000000

  Load Region LR_1 (Base: 0x00000000, Size: 0x0000783c, Max: 0xffffffff, ABSOLUTE)

    Execution Region ER_RO (Base: 0x00000000, Size: 0x0000778c, Max: 0xffffffff, ABSOLUTE)

    Base Addr    Size         Type   Attr      Idx    E Section Name        Object

    0x00000000   0x00000284   Code   RO            3  * RESET               startup.o
    0x00000284   0x00000008   Code   RO          734  * !!!main             c_w.l(__main.o)
    0x0000028c   0x00000000   Code   RO          731    .ARM.Collect$$_printf_percent$$00000000  c_w.l(_printf_percent.o)
    0x0000028c   0x00000006   Code   RO          730    .ARM.Collect$$_printf_percent$$00000009  c_w.l(_printf_d.o)
    0x00000292   0x00000004   Code   RO          815    .ARM.Collect$$_printf_percent$$00000017  c_w.l(_printf_percent_end.o)
    0x00000296   0x00000002   Code   RO          883    .ARM.Collect$$libinit$$00000000  c_w.l(libinit.o)
    0x00000298   0x00000000   Code   RO          889    .ARM.Collect$$libinit$$00000002  c_w.l(libinit2.o)
    0x00000298   0x00000000   Code   RO          892    .ARM.Collect$$libinit$$00000008  c_w.l(libinit2.o)
    0x00000298   0x00000000   Code   RO          894    .ARM.Collect$$libinit$$0000000A  c_w.l(libinit2.o)
    0x00000298   0x00000000   Code   RO          896    .ARM.Collect$$libinit$$0000000C  c_w.l(libinit2.o)
    0x00000298   0x00000000   Code   RO          899    .ARM.Collect$$libinit$$0000000F  c_w.l(libinit2.o)
    0x00000298   0x00000000   Code   RO          901    .ARM.Collect$$libinit$$00000011  c_w.l(libinit2.o)
    0x00000298   0x00000000   Code   RO          903    .ARM.Collect$$libinit$$00000013  c_w.l(libinit2.o)
    0x00000298   0x00000000   Code   RO          905    .ARM.Collect$$libinit$$00000015  c_w.l(libinit2.o)
    0x00000298   0x00000000   Code   RO          907    .ARM.Collect$$libinit$$00000017  c_w.l(libinit2.o)
    0x00000298   0x00000000   Code   RO          909    .ARM.Collect$$libinit$$00000019  c_w.l(libinit2.o)
    0x00000298   0x00000000   Code   RO          911    .ARM.Collect$$libinit$$0000001B  c_w.l(libinit2.o)
    0x00000298   0x00000000   Code   RO          913    .ARM.Collect$$libinit$$0000001D  c_w.l(libinit2.o)
    0x00000298   0x00000000   Code   RO          915    .ARM.Collect$$libinit$$0000001F  c_w.l(libinit2.o)
    0x00000298   0x00000000   Code   RO          917    .ARM.Collect$$libinit$$00000021  c_w.l(libinit2.o)
    0x00000298   0x00000000   Code   RO          919    .ARM.Collect$$libinit$$00000023  c_w.l(libinit2.o)
    0x00000298   0x00000000   Code   RO          923    .ARM.Collect$$libinit$$0000002A  c_w.l(libinit2.o)
    0x00000298   0x00000000   Code   RO          925    .ARM.Collect$$libinit$$0000002C  c_w.l(libinit2.o)
    0x00000298   0x00000000   Code   RO          927    .ARM.Collect$$libinit$$0000002E  c_w.l(libinit2.o)
    0x00000298   0x00000000   Code   RO          929    .ARM.Collect$$libinit$$00000030  c_w.l(libinit2.o)
    0x00000298   0x00000002   Code   RO          930    .ARM.Collect$$libinit$$00000031  c_w.l(libinit2.o)
    0x0000029a   0x00000002   Code   RO          952    .ARM.Collect$$libshutdown$$00000000  c_w.l(libshutdown.o)
    0x0000029c   0x00000000   Code   RO          966    .ARM.Collect$$libshutdown$$00000003  c_w.l(libshutdown2.o)
    0x0000029c   0x00000000   Code   RO          969    .ARM.Collect$$libshutdown$$00000006  c_w.l(libshutdown2.o)
    0x0000029c   0x00000000   Code   RO          972    .ARM.Collect$$libshutdown$$00000009  c_w.l(libshutdown2.o)
    0x0000029c   0x00000000   Code   RO          974    .ARM.Collect$$libshutdown$$0000000B  c_w.l(libshutdown2.o)
    0x0000029c   0x00000000   Code   RO          977    .ARM.Collect$$libshutdown$$0000000E  c_w.l(libshutdown2.o)
    0x0000029c   0x00000002   Code   RO          978    .ARM.Collect$$libshutdown$$0000000F  c_w.l(libshutdown2.o)
    0x0000029e   0x00000000   Code   RO          806    .ARM.Collect$$rtentry$$00000000  c_w.l(rtentry.o)
    0x0000029e   0x00000000   Code   RO          848    .ARM.Collect$$rtentry$$00000002  c_w.l(rtentry2.o)
    0x0000029e   0x00000006   Code   RO          860    .ARM.Collect$$rtentry$$00000004  c_w.l(rtentry4.o)
    0x000002a4   0x00000000   Code   RO          850    .ARM.Collect$$rtentry$$00000009  c_w.l(rtentry2.o)
    0x000002a4   0x00000004   Code   RO          851    .ARM.Collect$$rtentry$$0000000A  c_w.l(rtentry2.o)
    0x000002a8   0x00000000   Code   RO          853    .ARM.Collect$$rtentry$$0000000C  c_w.l(rtentry2.o)
    0x000002a8   0x00000008   Code   RO          854    .ARM.Collect$$rtentry$$0000000D  c_w.l(rtentry2.o)
    0x000002b0   0x00000002   Code   RO          886    .ARM.Collect$$rtexit$$00000000  c_w.l(rtexit.o)
    0x000002b2   0x00000000   Code   RO          934    .ARM.Collect$$rtexit$$00000002  c_w.l(rtexit2.o)
    0x000002b2   0x00000004   Code   RO          935    .ARM.Collect$$rtexit$$00000003  c_w.l(rtexit2.o)
    0x000002b6   0x00000006   Code   RO          936    .ARM.Collect$$rtexit$$00000004  c_w.l(rtexit2.o)
    0x000002bc   0x00000030   Code   RO            4    .text               startup.o
    0x000002ec   0x00000028   Code   RO          704    .text               c_w.l(noretval__2sprintf.o)
    0x00000314   0x00000068   Code   RO          706    .text               c_w.l(__printf.o)
    0x0000037c   0x00000078   Code   RO          708    .text               c_w.l(_printf_dec.o)
    0x000003f4   0x00000006   Code   RO          732    .text               c_w.l(heapauxi.o)
    0x000003fa   0x00000016   Code   RO          807    .text               c_w.l(_rserrno.o)
    0x00000410   0x000000b8   Code   RO          809    .text               c_w.l(_printf_intcommon.o)
    0x000004c8   0x00000030   Code   RO          811    .text               c_w.l(_printf_char_common.o)
    0x000004f8   0x0000000a   Code   RO          813    .text               c_w.l(_sputc.o)
    0x00000502   0x00000002   PAD
    0x00000504   0x00000008   Code   RO          865    .text               c_w.l(rt_errno_addr_intlibspace.o)
    0x0000050c   0x00000008   Code   RO          871    .text               c_w.l(libspace.o)
    0x00000514   0x0000004a   Code   RO          874    .text               c_w.l(sys_stackheap_outer.o)
    0x0000055e   0x0000000c   Code   RO          876    .text               c_w.l(exit.o)
    0x0000056a   0x00000002   PAD
    0x0000056c   0x0000000c   Code   RO          944    .text               c_w.l(sys_exit.o)
    0x00000578   0x00000002   Code   RO          955    .text               c_w.l(use_no_semi.o)
    0x0000057a   0x00000000   Code   RO          957    .text               c_w.l(indicate_semi.o)
    0x0000057a   0x00000002   PAD
    0x0000057c   0x00000020   Code   RO          470    i.ClockInit         clocktime.o
    0x0000059c   0x00000020   Code   RO           28    i.Delay1ms          st7735.o
    0x000005bc   0x00000014   Code   RO          400    i.EventWatch_Init   eventwatch.o
    0x000005d0   0x00000058   Code   RO          401    i.GPIOPortE_Handler  eventwatch.o
    0x00000628   0x0000003c   Code   RO          402    i.GPIOPortF_Handler  eventwatch.o
    0x00000664   0x00000030   Code   RO          471    i.MinuteTick        clocktime.o
    0x00000694   0x0000000c   Code   RO           30    i.Output_Color      st7735.o
    0x000006a0   0x0000007c   Code   RO           12    i.PLL_Init          pll.o
    0x0000071c   0x00000120   Code   RO           35    i.ST7735_DrawBitmap  st7735.o
    0x0000083c   0x0000010c   Code   RO           36    i.ST7735_DrawChar   st7735.o
    0x00000948   0x000000f4   Code   RO           37    i.ST7735_DrawCharS  st7735.o
    0x00000a3c   0x00000048   Code   RO           40    i.ST7735_DrawPixel  st7735.o
    0x00000a84   0x00000054   Code   RO           41    i.ST7735_DrawString  st7735.o
    0x00000ad8   0x000000ac   Code   RO           42    i.ST7735_FillRect   st7735.o
    0x00000b84   0x00000024   Code   RO           43    i.ST7735_FillScreen  st7735.o
    0x00000ba8   0x0000007c   Code   RO           45    i.ST7735_InitR      st7735.o
    0x00000c24   0x000001ec   Code   RO          310    i.ST7735_Line       plotter.o
    0x00000e10   0x000000e0   Code   RO           47    i.ST7735_OutChar    st7735.o
    0x00000ef0   0x00000016   Code   RO           48    i.ST7735_OutString  st7735.o
    0x00000f06   0x00000002   PAD
    0x00000f08   0x00000014   Code   RO           58    i.ST7735_SetCursor  st7735.o
    0x00000f1c   0x0000000c   Code   RO           60    i.ST7735_SetTextColor  st7735.o
    0x00000f28   0x000000d4   Code   RO          545    i.Screens_Init      screens.o
    0x00000ffc   0x00000018   Code   RO          403    i.Timer0A_Handler   eventwatch.o
    0x00001014   0x00000078   Code   RO          404    i.Timer0A_Init      eventwatch.o
    0x0000108c   0x00000028   Code   RO          832    i.__ARM_fpclassify  m_ws.l(fpclassify.o)
    0x000010b4   0x00000388   Code   RO          836    i.__ieee754_rem_pio2  m_ws.l(rred.o)
    0x0000143c   0x000000fc   Code   RO          827    i.__kernel_cos      m_ws.l(cos_i.o)
    0x00001538   0x000000aa   Code   RO          834    i.__kernel_poly     m_ws.l(poly.o)
    0x000015e2   0x00000002   PAD
    0x000015e4   0x000000ec   Code   RO          841    i.__kernel_sin      m_ws.l(sin_i.o)
    0x000016d0   0x00000010   Code   RO          830    i.__mathlib_dbl_underflow  m_ws.l(dunder.o)
    0x000016e0   0x00000288   Code   RO          763    i.acos              m_ws.l(acos.o)
    0x00001968   0x0000027c   Code   RO          773    i.asin              m_ws.l(asin.o)
    0x00001be4   0x00000010   Code   RO          472    i.checkAlarm        clocktime.o
    0x00001bf4   0x00000056   Code   RO           62    i.commandList       st7735.o
    0x00001c4a   0x00000002   PAD
    0x00001c4c   0x00000184   Code   RO           63    i.commonInit        st7735.o
    0x00001dd0   0x0000000a   Code   RO          546    i.convertASCII      screens.o
    0x00001dda   0x00000002   PAD
    0x00001ddc   0x000000ac   Code   RO          783    i.cos               m_ws.l(cos.o)
    0x00001e88   0x00000142   Code   RO          406    i.down              eventwatch.o
    0x00001fca   0x00000002   PAD
    0x00001fcc   0x0000006c   Code   RO          547    i.drawAlarmMessage  screens.o
    0x00002038   0x00000398   Code   RO          548    i.drawAnalogClock   screens.o
    0x000023d0   0x00000058   Code   RO          549    i.drawBackMessage   screens.o
    0x00002428   0x00000032   Code   RO          550    i.drawCurrentScreen  screens.o
    0x0000245a   0x0000010e   Code   RO          551    i.drawDigitalClock  screens.o
    0x00002568   0x00000084   Code   RO          552    i.drawMainMenu      screens.o
    0x000025ec   0x00000278   Code   RO          553    i.drawSettings      screens.o
    0x00002864   0x00000092   Code   RO          407    i.enter             eventwatch.o
    0x000028f6   0x00000002   PAD
    0x000028f8   0x00000014   Code   RO          554    i.getAlarmSettingTime  screens.o
    0x0000290c   0x00000014   Code   RO          473    i.getAlarmTime      clocktime.o
    0x00002920   0x0000000c   Code   RO          555    i.getCurrentMenuOpt  screens.o
    0x0000292c   0x0000000c   Code   RO          556    i.getCurrentScreen  screens.o
    0x00002938   0x0000000c   Code   RO          557    i.getCurrentSettingsOpt  screens.o
    0x00002944   0x0000000c   Code   RO          558    i.getCurrentSettingsOpt2  screens.o
    0x00002950   0x00000014   Code   RO          474    i.getCurrentTime    clocktime.o
    0x00002964   0x00000014   Code   RO          559    i.getSettingTime    screens.o
    0x00002978   0x00000208   Code   RO          351    i.initForLab3       lab3main.o
    0x00002b80   0x0000000c   Code   RO          475    i.isAlarmEnabled    clocktime.o
    0x00002b8c   0x00000018   Code   RO          352    i.main              lab3main.o
    0x00002ba4   0x00000070   Code   RO          408    i.minuteUpdate      eventwatch.o
    0x00002c14   0x00000012   Code   RO           68    i.pushColor         st7735.o
    0x00002c26   0x00000002   PAD
    0x00002c28   0x00000074   Code   RO           69    i.setAddrWindow     st7735.o
    0x00002c9c   0x00000018   Code   RO          563    i.setAlarmSettingTime  screens.o
    0x00002cb4   0x00000010   Code   RO          477    i.setAlarmTime      clocktime.o
    0x00002cc4   0x0000000c   Code   RO          564    i.setCurrentMenuOpt  screens.o
    0x00002cd0   0x0000000c   Code   RO          565    i.setCurrentScreen  screens.o
    0x00002cdc   0x0000000c   Code   RO          566    i.setCurrentSettingsOpt  screens.o
    0x00002ce8   0x0000000c   Code   RO          567    i.setCurrentSettingsOpt2  screens.o
    0x00002cf4   0x00000010   Code   RO          478    i.setCurrentTime    clocktime.o
    0x00002d04   0x0000000c   Code   RO          313    i.setLineThreshold  plotter.o
    0x00002d10   0x00000018   Code   RO          568    i.setSettingTime    screens.o
    0x00002d28   0x000000b0   Code   RO          791    i.sin               m_ws.l(sin.o)
    0x00002dd8   0x0000004c   Code   RO          799    i.sqrt              m_ws.l(sqrt.o)
    0x00002e24   0x0000012e   Code   RO          409    i.up                eventwatch.o
    0x00002f52   0x00000002   PAD
    0x00002f54   0x00000030   Code   RO           70    i.writecommand      st7735.o
    0x00002f84   0x00000020   Code   RO           71    i.writedata         st7735.o
    0x00002fa4   0x00000150   Code   RO          736    x$fpl$dadd          fz_ws.l(daddsub_clz.o)
    0x000030f4   0x00000010   Code   RO          869    x$fpl$dcheck1       fz_ws.l(dcheck1.o)
    0x00003104   0x00000018   Code   RO          816    x$fpl$dcmpinf       fz_ws.l(dcmpi.o)
    0x0000311c   0x000002b0   Code   RO          743    x$fpl$ddiv          fz_ws.l(ddiv.o)
    0x000033cc   0x00000078   Code   RO          746    x$fpl$deqf          fz_ws.l(deqf.o)
    0x00003444   0x0000005e   Code   RO          748    x$fpl$dfix          fz_ws.l(dfix.o)
    0x000034a2   0x0000002e   Code   RO          753    x$fpl$dflt          fz_ws.l(dflt_clz.o)
    0x000034d0   0x00000026   Code   RO          752    x$fpl$dfltu         fz_ws.l(dflt_clz.o)
    0x000034f6   0x00000002   PAD
    0x000034f8   0x00000078   Code   RO          758    x$fpl$dleqf         fz_ws.l(dleqf.o)
    0x00003570   0x00000154   Code   RO          760    x$fpl$dmul          fz_ws.l(dmul.o)
    0x000036c4   0x0000009c   Code   RO          818    x$fpl$dnaninf       fz_ws.l(dnaninf.o)
    0x00003760   0x0000000c   Code   RO          820    x$fpl$dretinf       fz_ws.l(dretinf.o)
    0x0000376c   0x00000016   Code   RO          737    x$fpl$drsb          fz_ws.l(daddsub_clz.o)
    0x00003782   0x00000002   PAD
    0x00003784   0x00000198   Code   RO          822    x$fpl$dsqrt         fz_ws.l(dsqrt_umaal.o)
    0x0000391c   0x000001d4   Code   RO          738    x$fpl$dsub          fz_ws.l(daddsub_clz.o)
    0x00003af0   0x00000064   Code   RO          884    x$fpl$retnan        fz_ws.l(retnan.o)
    0x00003b54   0x0000005c   Code   RO          824    x$fpl$scalbn        fz_ws.l(scalbn.o)
    0x00003bb0   0x00000030   Code   RO          931    x$fpl$trapveneer    fz_ws.l(trapv.o)
    0x00003be0   0x00000000   Code   RO          826    x$fpl$usenofp       fz_ws.l(usenofp.o)
    0x00003be0   0x000007e2   Data   RO           73    .constdata          st7735.o
    0x000043c2   0x00003200   Data   RO          569    .constdata          screens.o
    0x000075c2   0x00000006   PAD
    0x000075c8   0x00000050   Data   RO          764    .constdata          m_ws.l(acos.o)
    0x00007618   0x00000050   Data   RO          774    .constdata          m_ws.l(asin.o)
    0x00007668   0x00000030   Data   RO          828    .constdata          m_ws.l(cos_i.o)
    0x00007698   0x000000c8   Data   RO          838    .constdata          m_ws.l(rred.o)
    0x00007760   0x00000028   Data   RO          842    .constdata          m_ws.l(sin_i.o)
    0x00007788   0x00000002   Data   RO          570    .conststring        screens.o
    0x0000778a   0x00000002   PAD
    0x0000778c   0x00000000   Data   RO         1009    Region$$Table       anon$$obj.o


    Execution Region ER_RW (Base: 0x20000000, Size: 0x000000b0, Max: 0xffffffff, ABSOLUTE)

    Base Addr    Size         Type   Attr      Idx    E Section Name        Object

    0x20000000   0x00000030   Data   RW           74    .data               st7735.o
    0x20000030   0x00000018   Data   RW          315    .data               plotter.o
    0x20000048   0x0000000c   Data   RW          411    .data               eventwatch.o
    0x20000054   0x00000005   Data   RW          479    .data               clocktime.o
    0x20000059   0x00000003   PAD
    0x2000005c   0x00000051   Data   RW          571    .data               screens.o


    Execution Region ER_ZI (Base: 0x200000b0, Size: 0x00000460, Max: 0xffffffff, ABSOLUTE)

    Base Addr    Size         Type   Attr      Idx    E Section Name        Object

    0x200000b0   0x00000060   Zero   RW          872    .bss                c_w.l(libspace.o)
    0x20000110   0x00000000   Zero   RW            2    HEAP                startup.o
    0x20000110   0x00000400   Zero   RW            1    STACK               startup.o

