ARM Linker, 5.03 [Build 76] [MDK-ARM Lite]

==============================================================================

Section Cross References

    startup.o(STACK) refers (Special) to heapauxi.o(.text) for __use_two_region_memory
    startup.o(HEAP) refers (Special) to heapauxi.o(.text) for __use_two_region_memory
    startup.o(RESET) refers (Special) to heapauxi.o(.text) for __use_two_region_memory
    startup.o(RESET) refers to startup.o(STACK) for StackMem
    startup.o(RESET) refers to adctestmain.o(i.Timer0A_Handler) for Timer0A_Handler
    startup.o(RESET) refers to adctestmain.o(i.Timer1A_Handler) for Timer1A_Handler
    startup.o(RESET) refers to adctestmain.o(i.Timer2A_Handler) for Timer2A_Handler
    startup.o(RESET) refers to __main.o(!!!main) for __main
    startup.o(.text) refers (Special) to heapauxi.o(.text) for __use_two_region_memory
    startup.o(.text) refers to startup.o(HEAP) for HeapMem
    startup.o(.text) refers to startup.o(STACK) for StackMem
    adctestmain.o(i.Timer0A_Handler) refers to adctestmain.o(.data) for PeriodicTask0
    adctestmain.o(i.Timer0A_Init) refers to startup.o(.text) for StartCritical
    adctestmain.o(i.Timer0A_Init) refers to adctestmain.o(.data) for PeriodicTask0
    adctestmain.o(i.Timer0A_UpdateTask) refers to adctestmain.o(.data) for PeriodicTask0
    adctestmain.o(i.Timer1A_Handler) refers to adctestmain.o(.data) for PeriodicTask
    adctestmain.o(i.Timer1_Init) refers to adctestmain.o(.data) for PeriodicTask
    adctestmain.o(i.Timer2A_Handler) refers to adctestmain.o(.data) for PeriodicTask
    adctestmain.o(i.Timer2_Init) refers to adctestmain.o(.data) for PeriodicTask
    adctestmain.o(i.drawPMF) refers to plotter.o(i.ST7735_XYplotInit) for ST7735_XYplotInit
    adctestmain.o(i.drawPMF) refers to plotter.o(i.ST7735_XYplot) for ST7735_XYplot
    adctestmain.o(i.drawPMF) refers to adctestmain.o(.data) for pmfMin
    adctestmain.o(i.drawPMF) refers to adctestmain.o(.bss) for xBuf
    adctestmain.o(i.initForADCTestMain) refers to pll.o(i.PLL_Init) for PLL_Init
    adctestmain.o(i.initForADCTestMain) refers to adcswtrigger.o(i.ADC0_InitSWTriggerSeq3_Ch1) for ADC0_InitSWTriggerSeq3_Ch1
    adctestmain.o(i.initForADCTestMain) refers to adctestmain.o(.data) for delay
    adctestmain.o(i.initST7735) refers to st7735.o(i.ST7735_InitR) for ST7735_InitR
    adctestmain.o(i.logADCData) refers to adcswtrigger.o(i.ADC0_InSeq3) for ADC0_InSeq3
    adctestmain.o(i.logADCData) refers to adctestmain.o(.data) for ADCLogFull
    adctestmain.o(i.logADCData) refers to adctestmain.o(.bss) for ADCLog
    adctestmain.o(i.logTimes) refers to adctestmain.o(.data) for lastTime
    adctestmain.o(i.logTimes) refers to adctestmain.o(.bss) for timeLog
    adctestmain.o(i.main) refers to adctestmain.o(i.initForADCTestMain) for initForADCTestMain
    adctestmain.o(i.main) refers to adctestmain.o(i.initST7735) for initST7735
    adctestmain.o(i.main) refers to adctestmain.o(i.screenOne_TimeJitter) for screenOne_TimeJitter
    adctestmain.o(i.main) refers to adctestmain.o(i.waitForSwitchToggle) for waitForSwitchToggle
    adctestmain.o(i.main) refers to adctestmain.o(i.screenTwo_DefaultPMF) for screenTwo_DefaultPMF
    adctestmain.o(i.main) refers to adctestmain.o(i.screenTwo_HardAvgPMF) for screenTwo_HardAvgPMF
    adctestmain.o(i.main) refers to adctestmain.o(i.screenThree_LineDrawing) for screenThree_LineDrawing
    adctestmain.o(i.processData) refers to adctestmain.o(.bss) for pmf
    adctestmain.o(i.processData) refers to adctestmain.o(.data) for pmfMin
    adctestmain.o(i.processTimes) refers to adctestmain.o(.bss) for timeLog
    adctestmain.o(i.resetPMF) refers to adctestmain.o(.bss) for pmf
    adctestmain.o(i.screenOne_TimeJitter) refers to _printf_percent.o(.ARM.Collect$$_printf_percent$$00000000) for _printf_percent
    adctestmain.o(i.screenOne_TimeJitter) refers to _printf_d.o(.ARM.Collect$$_printf_percent$$00000009) for _printf_d
    adctestmain.o(i.screenOne_TimeJitter) refers to _printf_dec.o(.text) for _printf_int_dec
    adctestmain.o(i.screenOne_TimeJitter) refers to st7735.o(i.ST7735_FillScreen) for ST7735_FillScreen
    adctestmain.o(i.screenOne_TimeJitter) refers to st7735.o(i.ST7735_SetCursor) for ST7735_SetCursor
    adctestmain.o(i.screenOne_TimeJitter) refers to st7735.o(i.ST7735_OutString) for ST7735_OutString
    adctestmain.o(i.screenOne_TimeJitter) refers to adctestmain.o(i.Timer1_Init) for Timer1_Init
    adctestmain.o(i.screenOne_TimeJitter) refers to adctestmain.o(i.Timer0A_Init) for Timer0A_Init
    adctestmain.o(i.screenOne_TimeJitter) refers to adctestmain.o(i.processTimes) for processTimes
    adctestmain.o(i.screenOne_TimeJitter) refers to noretval__2sprintf.o(.text) for __2sprintf
    adctestmain.o(i.screenOne_TimeJitter) refers to adctestmain.o(i.Timer2_Init) for Timer2_Init
    adctestmain.o(i.screenOne_TimeJitter) refers to adctestmain.o(i.logTimes) for logTimes
[...]
    libinit2.o(.ARM.Collect$$libinit$$00000010) refers to libinit2.o(.ARM.Collect$$libinit$$0000000D) for .ARM.Collect$$libinit$$0000000D
    libinit2.o(.ARM.Collect$$libinit$$00000012) refers to libinit2.o(.ARM.Collect$$libinit$$0000000D) for .ARM.Collect$$libinit$$0000000D
    libinit2.o(.ARM.Collect$$libinit$$00000014) refers to libinit2.o(.ARM.Collect$$libinit$$0000000D) for .ARM.Collect$$libinit$$0000000D
    libinit2.o(.ARM.Collect$$libinit$$00000016) refers to libinit2.o(.ARM.Collect$$libinit$$0000000D) for .ARM.Collect$$libinit$$0000000D
    libinit2.o(.ARM.Collect$$libinit$$00000024) refers to argv_veneer.o(.emb_text) for __ARM_argv_veneer
    libinit2.o(.ARM.Collect$$libinit$$00000025) refers to argv_veneer.o(.emb_text) for __ARM_argv_veneer
    trapv.o(x$fpl$trapveneer) refers (Special) to usenofp.o(x$fpl$usenofp) for __I$use$fp
    rtexit2.o(.ARM.Collect$$rtexit$$00000003) refers to libshutdown.o(.ARM.Collect$$libshutdown$$00000000) for __rt_lib_shutdown
    rtexit2.o(.ARM.Collect$$rtexit$$00000004) refers to sys_exit.o(.text) for _sys_exit
    rtexit2.o(.ARM.exidx) refers to rtexit2.o(.ARM.Collect$$rtexit$$00000001) for .ARM.Collect$$rtexit$$00000001
    rtexit2.o(.ARM.exidx) refers to rtexit2.o(.ARM.Collect$$rtexit$$00000003) for .ARM.Collect$$rtexit$$00000003
    rtexit2.o(.ARM.exidx) refers to rtexit2.o(.ARM.Collect$$rtexit$$00000004) for .ARM.Collect$$rtexit$$00000004
    argv_veneer.o(.emb_text) refers to no_argv.o(.text) for __ARM_get_argv
    sys_exit.o(.text) refers (Special) to use_no_semi.o(.text) for __I$use$semihosting
    sys_exit.o(.text) refers (Special) to indicate_semi.o(.text) for __semihosting_library_function
    _get_argv_nomalloc.o(.text) refers (Special) to hrguard.o(.text) for __heap_region$guard
    _get_argv_nomalloc.o(.text) refers to defsig_rtmem_outer.o(.text) for __rt_SIGRTMEM
    _get_argv_nomalloc.o(.text) refers to sys_command.o(.text) for _sys_command_string
    libshutdown.o(.ARM.Collect$$libshutdown$$00000000) refers (Special) to libshutdown2.o(.ARM.Collect$$libshutdown$$00000006) for __rt_lib_shutdown_fp_trap_1
    libshutdown.o(.ARM.Collect$$libshutdown$$00000000) refers (Special) to libshutdown2.o(.ARM.Collect$$libshutdown$$0000000E) for __rt_lib_shutdown_heap_1
    libshutdown.o(.ARM.Collect$$libshutdown$$00000000) refers (Special) to libshutdown2.o(.ARM.Collect$$libshutdown$$0000000F) for __rt_lib_shutdown_return
    libshutdown.o(.ARM.Collect$$libshutdown$$00000000) refers (Special) to libshutdown2.o(.ARM.Collect$$libshutdown$$00000009) for __rt_lib_shutdown_signal_1
    libshutdown.o(.ARM.Collect$$libshutdown$$00000000) refers (Special) to libshutdown2.o(.ARM.Collect$$libshutdown$$00000003) for __rt_lib_shutdown_stdio_1
    libshutdown.o(.ARM.Collect$$libshutdown$$00000000) refers (Special) to libshutdown2.o(.ARM.Collect$$libshutdown$$0000000B) for __rt_lib_shutdown_user_alloc_1
    sys_command.o(.text) refers (Special) to use_no_semi.o(.text) for __I$use$semihosting
    sys_command.o(.text) refers (Special) to indicate_semi.o(.text) for __semihosting_library_function
    defsig_rtmem_outer.o(.text) refers to defsig_rtmem_inner.o(.text) for __rt_SIGRTMEM_inner
    defsig_rtmem_outer.o(.text) refers to defsig_exit.o(.text) for __sig_exit
    defsig_rtmem_formal.o(.text) refers to rt_raise.o(.text) for __rt_raise
    rt_raise.o(.text) refers to __raise.o(.text) for __raise
    rt_raise.o(.text) refers to sys_exit.o(.text) for _sys_exit
    defsig_exit.o(.text) refers to sys_exit.o(.text) for _sys_exit
    defsig_rtmem_inner.o(.text) refers to defsig_general.o(.text) for __default_signal_display
    __raise.o(.text) refers to defsig.o(CL$$defsig) for __default_signal_handler
    defsig_general.o(.text) refers to sys_wrch.o(.text) for _ttywrch
    sys_wrch.o(.text) refers (Special) to use_no_semi.o(.text) for __I$use$semihosting
    sys_wrch.o(.text) refers (Special) to indicate_semi.o(.text) for __semihosting_library_function
    defsig.o(CL$$defsig) refers to defsig_rtmem_inner.o(.text) for __rt_SIGRTMEM_inner
    defsig_abrt_inner.o(.text) refers to defsig_general.o(.text) for __default_signal_display
    defsig_fpe_inner.o(.text) refers to defsig_general.o(.text) for __default_signal_display
    defsig_rtred_inner.o(.text) refers to defsig_general.o(.text) for __default_signal_display
    defsig_stak_inner.o(.text) refers to defsig_general.o(.text) for __default_signal_display
    defsig_pvfn_inner.o(.text) refers to defsig_general.o(.text) for __default_signal_display
    defsig_cppl_inner.o(.text) refers to defsig_general.o(.text) for __default_signal_display
    defsig_segv_inner.o(.text) refers to defsig_general.o(.text) for __default_signal_display
    defsig_other.o(.text) refers to defsig_general.o(.text) for __default_signal_display


==============================================================================

Removing Unused input sections from the image.

    Removing st7735.o(i.Output_Clear), (10 bytes).
    Removing st7735.o(i.Output_Color), (12 bytes).
    Removing st7735.o(i.Output_Init), (16 bytes).
    Removing st7735.o(i.Output_Off), (8 bytes).
    Removing st7735.o(i.Output_On), (8 bytes).
    Removing st7735.o(i.ST7735_Color565), (24 bytes).
    Removing st7735.o(i.ST7735_DrawBitmap), (288 bytes).
    Removing st7735.o(i.ST7735_DrawChar), (268 bytes).
    Removing st7735.o(i.ST7735_DrawFastHLine), (124 bytes).
    Removing st7735.o(i.ST7735_DrawFastVLine), (124 bytes).
    Removing st7735.o(i.ST7735_InitB), (40 bytes).
    Removing st7735.o(i.ST7735_InvertDisplay), (22 bytes).
    Removing st7735.o(i.ST7735_OutUDec), (140 bytes).
    Removing st7735.o(i.ST7735_PlotBar), (88 bytes).
    Removing st7735.o(i.ST7735_PlotClear), (92 bytes).
    Removing st7735.o(i.ST7735_PlotLine), (264 bytes).
    Removing st7735.o(i.ST7735_PlotNext), (32 bytes).
    Removing st7735.o(i.ST7735_PlotNextErase), (64 bytes).
    Removing st7735.o(i.ST7735_PlotPoint), (152 bytes).
    Removing st7735.o(i.ST7735_PlotPoints), (172 bytes).
    Removing st7735.o(i.ST7735_PlotdBfs), (60 bytes).
    Removing st7735.o(i.ST7735_SetRotation), (212 bytes).
    Removing st7735.o(i.ST7735_SetTextColor), (12 bytes).
    Removing st7735.o(i.ST7735_SwapColor), (18 bytes).
    Removing st7735.o(i.ferror), (8 bytes).
    Removing st7735.o(i.fgetc), (6 bytes).
    Removing st7735.o(i.fillmessage), (72 bytes).
    Removing st7735.o(i.fputc), (16 bytes).
    Removing st7735.o(.bss), (12 bytes).
    Removing plotter.o(.constdata), (8 bytes).

30 unused section(s) (total 2372 bytes) removed from the image.

==============================================================================

Image Symbol Table

    Local Symbols

    Symbol Name                              Value     Ov Type        Size  Object(Section)

    RESET                                    0x00000000   Section      644  startup.o(RESET)
    ../clib/angel/boardlib.s                 0x00000000   Number         0  boardinit1.o ABSOLUTE
    ../clib/angel/boardlib.s                 0x00000000   Number         0  boardinit2.o ABSOLUTE
    ../clib/angel/boardlib.s                 0x00000000   Number         0  boardinit3.o ABSOLUTE
    ../clib/angel/boardlib.s                 0x00000000   Number         0  boardshut.o ABSOLUTE
    ../clib/angel/handlers.s                 0x00000000   Number         0  __scatter_copy.o ABSOLUTE
    ../clib/angel/handlers.s                 0x00000000   Number         0  __scatter_zi.o ABSOLUTE
    ../clib/angel/kernel.s                   0x00000000   Number         0  rtentry2.o ABSOLUTE
    ../clib/angel/kernel.s                   0x00000000   Number         0  rtentry4.o ABSOLUTE
    ../clib/angel/kernel.s                   0x00000000   Number         0  rtexit2.o ABSOLUTE
    ../clib/angel/kernel.s                   0x00000000   Number         0  rtentry.o ABSOLUTE
    ../clib/angel/kernel.s                   0x00000000   Number         0  rtexit.o ABSOLUTE
    ../clib/angel/rt.s                       0x00000000   Number         0  rt_errno_addr.o ABSOLUTE
    ../clib/angel/rt.s                       0x00000000   Number         0  rt_errno_addr_intlibspace.o ABSOLUTE
    ../clib/angel/rt.s                       0x00000000   Number         0  rt_raise.o ABSOLUTE
    ../clib/angel/scatter.s                  0x00000000   Number         0  __scatter.o ABSOLUTE
    ../clib/angel/startup.s                  0x00000000   Number         0  __main.o ABSOLUTE
    ../clib/angel/sys.s                      0x00000000   Number         0  indicate_semi.o ABSOLUTE
    ../clib/angel/sys.s                      0x00000000   Number         0  libspace.o ABSOLUTE
    ../clib/angel/sys.s                      0x00000000   Number         0  sys_stackheap_outer.o ABSOLUTE
    ../clib/angel/sys.s                      0x00000000   Number         0  use_no_semi.o ABSOLUTE
    ../clib/angel/sysapp.c                   0x00000000   Number         0  sys_exit.o ABSOLUTE
    ../clib/angel/sysapp.c                   0x00000000   Number         0  sys_wrch.o ABSOLUTE
    ../clib/angel/sysapp.c                   0x00000000   Number         0  sys_command.o ABSOLUTE
    ../clib/armsys.c                         0x00000000   Number         0  _get_argv_nomalloc.o ABSOLUTE
    ../clib/armsys.c                         0x00000000   Number         0  argv_veneer.o ABSOLUTE
    ../clib/armsys.c                         0x00000000   Number         0  no_argv.o ABSOLUTE
    ../clib/armsys.c                         0x00000000   Number         0  argv_veneer.o ABSOLUTE
    ../clib/fenv.c                           0x00000000   Number         0  _rserrno.o ABSOLUTE
    ../clib/heapalloc.c                      0x00000000   Number         0  hrguard.o ABSOLUTE
    ../clib/heapaux.c                        0x00000000   Number         0  heapauxi.o ABSOLUTE
    ../clib/libinit.s                        0x00000000   Number         0  libinit.o ABSOLUTE
    ../clib/libinit.s                        0x00000000   Number         0  libshutdown2.o ABSOLUTE
    ../clib/libinit.s                        0x00000000   Number         0  libinit2.o ABSOLUTE
    ../clib/libinit.s                        0x00000000   Number         0  libshutdown.o ABSOLUTE
    ../clib/printf.c                         0x00000000   Number         0  __printf_flags.o ABSOLUTE
    ../clib/printf.c                         0x00000000   Number         0  __printf_wp.o ABSOLUTE
    ../clib/printf.c                         0x00000000   Number         0  __printf_ss.o ABSOLUTE
    ../clib/printf.c                         0x00000000   Number         0  __printf_flags_ss.o ABSOLUTE
    ../clib/printf.c                         0x00000000   Number         0  _printf_intcommon.o ABSOLUTE
    ../clib/printf.c                         0x00000000   Number         0  _sputc.o ABSOLUTE
    ../clib/printf.c                         0x00000000   Number         0  __printf_flags_wp.o ABSOLUTE
    ../clib/printf.c                         0x00000000   Number         0  _printf_char_common.o ABSOLUTE
    ../clib/printf.c                         0x00000000   Number         0  __printf_ss_wp.o ABSOLUTE
    ../clib/printf.c                         0x00000000   Number         0  __printf_flags_ss_wp.o ABSOLUTE
    ../clib/printf.c                         0x00000000   Number         0  __printf_nopercent.o ABSOLUTE
    ../clib/printf.c                         0x00000000   Number         0  __printf.o ABSOLUTE
    ../clib/printf.c                         0x00000000   Number         0  noretval__2sprintf.o ABSOLUTE
    ../clib/printf.c                         0x00000000   Number         0  __2sprintf.o ABSOLUTE
    ../clib/printf.c                         0x00000000   Number         0  _printf_dec.o ABSOLUTE
    ../clib/printf_percent.s                 0x00000000   Number         0  _printf_percent_end.o ABSOLUTE
    ../clib/printf_percent.s                 0x00000000   Number         0  _printf_d.o ABSOLUTE
    ../clib/printf_percent.s                 0x00000000   Number         0  _printf_percent.o ABSOLUTE
    ../clib/signal.c                         0x00000000   Number         0  defsig_abrt_inner.o ABSOLUTE
    ../clib/signal.c                         0x00000000   Number         0  __raise.o ABSOLUTE
    ../clib/signal.c                         0x00000000   Number         0  defsig_rtmem_inner.o ABSOLUTE
    ../clib/signal.c                         0x00000000   Number         0  defsig_exit.o ABSOLUTE
    ../clib/signal.c                         0x00000000   Number         0  defsig_pvfn_inner.o ABSOLUTE
    ../clib/signal.c                         0x00000000   Number         0  defsig_rtmem_formal.o ABSOLUTE
    ../clib/signal.c                         0x00000000   Number         0  defsig_rtmem_outer.o ABSOLUTE
    ../clib/signal.c                         0x00000000   Number         0  defsig_fpe_inner.o ABSOLUTE
    ../clib/signal.c                         0x00000000   Number         0  defsig_rtred_inner.o ABSOLUTE
    ../clib/signal.c                         0x00000000   Number         0  defsig_stak_inner.o ABSOLUTE
    ../clib/signal.c                         0x00000000   Number         0  defsig_cppl_inner.o ABSOLUTE
    ../clib/signal.c                         0x00000000   Number         0  defsig_general.o ABSOLUTE
    ../clib/signal.c                         0x00000000   Number         0  defsig_segv_inner.o ABSOLUTE
    ../clib/signal.c                         0x00000000   Number         0  defsig_other.o ABSOLUTE
    ../clib/signal.s                         0x00000000   Number         0  defsig.o ABSOLUTE
    ../clib/stdlib.c                         0x00000000   Number         0  exit.o ABSOLUTE
    ../fplib/daddsub.s                       0x00000000   Number         0  daddsub_clz.o ABSOLUTE
    ../fplib/dcheck1.s                       0x00000000   Number         0  dcheck1.o ABSOLUTE
    ../fplib/dcmpi.s                         0x00000000   Number         0  dcmpi.o ABSOLUTE
    ../fplib/ddiv.s                          0x00000000   Number         0  ddiv.o ABSOLUTE
    ../fplib/deqf.s                          0x00000000   Number         0  deqf.o ABSOLUTE
    ../fplib/dfix.s                          0x00000000   Number         0  dfix.o ABSOLUTE
    ../fplib/dflt.s                          0x00000000   Number         0  dflt_clz.o ABSOLUTE
    ../fplib/dleqf.s                         0x00000000   Number         0  dleqf.o ABSOLUTE
    ../fplib/dmul.s                          0x00000000   Number         0  dmul.o ABSOLUTE
    ../fplib/dnaninf.s                       0x00000000   Number         0  dnaninf.o ABSOLUTE
    ../fplib/dretinf.s                       0x00000000   Number         0  dretinf.o ABSOLUTE
    ../fplib/drleqf.s                        0x00000000   Number         0  drleqf.o ABSOLUTE
    ../fplib/dsqrt.s                         0x00000000   Number         0  dsqrt_umaal.o ABSOLUTE
    ../fplib/fpinit.s                        0x00000000   Number         0  fpinit.o ABSOLUTE
    ../fplib/retnan.s                        0x00000000   Number         0  retnan.o ABSOLUTE
    ../fplib/scalbn.s                        0x00000000   Number         0  scalbn.o ABSOLUTE
    ../fplib/trapv.s                         0x00000000   Number         0  trapv.o ABSOLUTE
    ../fplib/usenofp.s                       0x00000000   Number         0  usenofp.o ABSOLUTE
    ../mathlib/acos.c                        0x00000000   Number         0  acos.o ABSOLUTE
    ../mathlib/acos.c                        0x00000000   Number         0  acos_x.o ABSOLUTE
    ../mathlib/cos.c                         0x00000000   Number         0  cos_x.o ABSOLUTE
    ../mathlib/cos.c                         0x00000000   Number         0  cos.o ABSOLUTE
    ../mathlib/cos_i.c                       0x00000000   Number         0  cos_i.o ABSOLUTE
    ../mathlib/dunder.c                      0x00000000   Number         0  dunder.o ABSOLUTE
    ../mathlib/fpclassify.c                  0x00000000   Number         0  fpclassify.o ABSOLUTE
    ../mathlib/poly.c                        0x00000000   Number         0  poly.o ABSOLUTE
    ../mathlib/rred.c                        0x00000000   Number         0  rred.o ABSOLUTE
    ../mathlib/sin.c                         0x00000000   Number         0  sin.o ABSOLUTE
    ../mathlib/sin.c                         0x00000000   Number         0  sin_x.o ABSOLUTE
    ../mathlib/sin_i.c                       0x00000000   Number         0  sin_i.o ABSOLUTE
    ../mathlib/sin_i.c                       0x00000000   Number         0  sin_i_x.o ABSOLUTE
    ../mathlib/sqrt.c                        0x00000000   Number         0  sqrt_x.o ABSOLUTE
    ../mathlib/sqrt.c                        0x00000000   Number         0  sqrt.o ABSOLUTE
    ..\Lab1\ST7735.c                         0x00000000   Number         0  st7735.o ABSOLUTE
    ADCSWTrigger.c                           0x00000000   Number         0  adcswtrigger.o ABSOLUTE
    ADCTestMain.c                            0x00000000   Number         0  adctestmain.o ABSOLUTE
    PLL.c                                    0x00000000   Number         0  pll.o ABSOLUTE
    dc.s                                     0x00000000   Number         0  dc.o ABSOLUTE
    plotter.c                                0x00000000   Number         0  plotter.o ABSOLUTE
    startup.s                                0x00000000   Number         0  startup.o ABSOLUTE
    !!!main                                  0x00000284   Section        8  __main.o(!!!main)
    !!!scatter                               0x0000028c   Section       52  __scatter.o(!!!scatter)
    !!handler_copy                           0x000002c0   Section       26  __scatter_copy.o(!!handler_copy)
    !!handler_zi                             0x000002dc   Section       28  __scatter_zi.o(!!handler_zi)
    .ARM.Collect$$_printf_percent$$00000000  0x000002f8   Section        0  _printf_percent.o(.ARM.Collect$$_printf_percent$$00000000)
    .ARM.Collect$$_printf_percent$$00000009  0x000002f8   Section        6  _printf_d.o(.ARM.Collect$$_printf_percent$$00000009)
    .ARM.Collect$$_printf_percent$$00000017  0x000002fe   Section        4  _printf_percent_end.o(.ARM.Collect$$_printf_percent$$00000017)
    .ARM.Collect$$libinit$$00000000          0x00000302   Section        2  libinit.o(.ARM.Collect$$libinit$$00000000)
    .ARM.Collect$$libinit$$00000002          0x00000304   Section        0  libinit2.o(.ARM.Collect$$libinit$$00000002)
    .ARM.Collect$$libinit$$00000008          0x00000304   Section        0  libinit2.o(.ARM.Collect$$libinit$$00000008)
    .ARM.Collect$$libinit$$0000000A          0x00000304   Section        0  libinit2.o(.ARM.Collect$$libinit$$0000000A)
    .ARM.Collect$$libinit$$0000000C          0x00000304   Section        0  libinit2.o(.ARM.Collect$$libinit$$0000000C)
    .ARM.Collect$$libinit$$0000000F          0x00000304   Section        0  libinit2.o(.ARM.Collect$$libinit$$0000000F)
    .ARM.Collect$$libinit$$00000011          0x00000304   Section        0  libinit2.o(.ARM.Collect$$libinit$$00000011)
    .ARM.Collect$$libinit$$00000013          0x00000304   Section        0  libinit2.o(.ARM.Collect$$libinit$$00000013)
    .ARM.Collect$$libinit$$00000015          0x00000304   Section        0  libinit2.o(.ARM.Collect$$libinit$$00000015)
    .ARM.Collect$$libinit$$00000017          0x00000304   Section        0  libinit2.o(.ARM.Collect$$libinit$$00000017)
    .ARM.Collect$$libinit$$00000019          0x00000304   Section        0  libinit2.o(.ARM.Collect$$libinit$$00000019)
    .ARM.Collect$$libinit$$0000001B          0x00000304   Section        0  libinit2.o(.ARM.Collect$$libinit$$0000001B)
    .ARM.Collect$$libinit$$0000001D          0x00000304   Section        0  libinit2.o(.ARM.Collect$$libinit$$0000001D)
    .ARM.Collect$$libinit$$0000001F          0x00000304   Section        0  libinit2.o(.ARM.Collect$$libinit$$0000001F)
    .ARM.Collect$$libinit$$00000021          0x00000304   Section        0  libinit2.o(.ARM.Collect$$libinit$$00000021)
    .ARM.Collect$$libinit$$00000023          0x00000304   Section        0  libinit2.o(.ARM.Collect$$libinit$$00000023)
    .ARM.Collect$$libinit$$0000002A          0x00000304   Section        0  libinit2.o(.ARM.Collect$$libinit$$0000002A)
    .ARM.Collect$$libinit$$0000002C          0x00000304   Section        0  libinit2.o(.ARM.Collect$$libinit$$0000002C)
    .ARM.Collect$$libinit$$0000002E          0x00000304   Section        0  libinit2.o(.ARM.Collect$$libinit$$0000002E)
    .ARM.Collect$$libinit$$00000030          0x00000304   Section        0  libinit2.o(.ARM.Collect$$libinit$$00000030)
    .ARM.Collect$$libinit$$00000031          0x00000304   Section        2  libinit2.o(.ARM.Collect$$libinit$$00000031)
    .ARM.Collect$$libshutdown$$00000000      0x00000306   Section        2  libshutdown.o(.ARM.Collect$$libshutdown$$00000000)
    .ARM.Collect$$libshutdown$$00000003      0x00000308   Section        0  libshutdown2.o(.ARM.Collect$$libshutdown$$00000003)
    .ARM.Collect$$libshutdown$$00000006      0x00000308   Section        0  libshutdown2.o(.ARM.Collect$$libshutdown$$00000006)
    .ARM.Collect$$libshutdown$$00000009      0x00000308   Section        0  libshutdown2.o(.ARM.Collect$$libshutdown$$00000009)
    .ARM.Collect$$libshutdown$$0000000B      0x00000308   Section        0  libshutdown2.o(.ARM.Collect$$libshutdown$$0000000B)
    .ARM.Collect$$libshutdown$$0000000E      0x00000308   Section        0  libshutdown2.o(.ARM.Collect$$libshutdown$$0000000E)
    .ARM.Collect$$libshutdown$$0000000F      0x00000308   Section        2  libshutdown2.o(.ARM.Collect$$libshutdown$$0000000F)
    .ARM.Collect$$rtentry$$00000000          0x0000030a   Section        0  rtentry.o(.ARM.Collect$$rtentry$$00000000)
    .ARM.Collect$$rtentry$$00000002          0x0000030a   Section        0  rtentry2.o(.ARM.Collect$$rtentry$$00000002)
    .ARM.Collect$$rtentry$$00000004          0x0000030a   Section        6  rtentry4.o(.ARM.Collect$$rtentry$$00000004)
    .ARM.Collect$$rtentry$$00000009          0x00000310   Section        0  rtentry2.o(.ARM.Collect$$rtentry$$00000009)
    .ARM.Collect$$rtentry$$0000000A          0x00000310   Section        4  rtentry2.o(.ARM.Collect$$rtentry$$0000000A)
    .ARM.Collect$$rtentry$$0000000C          0x00000314   Section        0  rtentry2.o(.ARM.Collect$$rtentry$$0000000C)
    .ARM.Collect$$rtentry$$0000000D          0x00000314   Section        8  rtentry2.o(.ARM.Collect$$rtentry$$0000000D)
    .ARM.Collect$$rtexit$$00000000           0x0000031c   Section        2  rtexit.o(.ARM.Collect$$rtexit$$00000000)
    .ARM.Collect$$rtexit$$00000002           0x0000031e   Section        0  rtexit2.o(.ARM.Collect$$rtexit$$00000002)
    .ARM.Collect$$rtexit$$00000003           0x0000031e   Section        4  rtexit2.o(.ARM.Collect$$rtexit$$00000003)
    .ARM.Collect$$rtexit$$00000004           0x00000322   Section        6  rtexit2.o(.ARM.Collect$$rtexit$$00000004)
    .text                                    0x00000328   Section       48  startup.o(.text)
    .text                                    0x00000358   Section        0  noretval__2sprintf.o(.text)
    .text                                    0x00000380   Section        0  __printf.o(.text)
    .text                                    0x000003e8   Section        0  _printf_dec.o(.text)
    .text                                    0x00000460   Section        0  heapauxi.o(.text)
    .text                                    0x00000466   Section        0  _rserrno.o(.text)
    .text                                    0x0000047c   Section        0  _printf_intcommon.o(.text)
    .text                                    0x00000534   Section        0  _printf_char_common.o(.text)
    _printf_input_char                       0x00000535   Thumb Code    10  _printf_char_common.o(.text)
    .text                                    0x00000564   Section        0  _sputc.o(.text)
    .text                                    0x00000570   Section        8  rt_errno_addr_intlibspace.o(.text)
    .text                                    0x00000578   Section        8  libspace.o(.text)
    .text                                    0x00000580   Section       74  sys_stackheap_outer.o(.text)
    .text                                    0x000005ca   Section        0  exit.o(.text)
    .text                                    0x000005d8   Section        0  sys_exit.o(.text)
    .text                                    0x000005e4   Section        2  use_no_semi.o(.text)
    .text                                    0x000005e6   Section        0  indicate_semi.o(.text)
    i.ADC0_InSeq3                            0x000005e8   Section        0  adcswtrigger.o(i.ADC0_InSeq3)
    i.ADC0_InitSWTriggerSeq3_Ch1             0x00000614   Section        0  adcswtrigger.o(i.ADC0_InitSWTriggerSeq3_Ch1)
    i.Delay1ms                               0x000006e4   Section        0  st7735.o(i.Delay1ms)
    i.PLL_Init                               0x00000704   Section        0  pll.o(i.PLL_Init)
    i.ST7735_DrawCharS                       0x00000780   Section        0  st7735.o(i.ST7735_DrawCharS)
    i.ST7735_DrawPixel                       0x00000874   Section        0  st7735.o(i.ST7735_DrawPixel)
    i.ST7735_DrawString                      0x000008bc   Section        0  st7735.o(i.ST7735_DrawString)
    i.ST7735_FillRect                        0x00000910   Section        0  st7735.o(i.ST7735_FillRect)
    i.ST7735_FillScreen                      0x000009bc   Section        0  st7735.o(i.ST7735_FillScreen)
    i.ST7735_InitR                           0x000009e0   Section        0  st7735.o(i.ST7735_InitR)
    i.ST7735_Line                            0x00000a5c   Section        0  plotter.o(i.ST7735_Line)
    i.ST7735_OutChar                         0x00000c00   Section        0  st7735.o(i.ST7735_OutChar)
    i.ST7735_OutString                       0x00000cd4   Section        0  st7735.o(i.ST7735_OutString)
    i.ST7735_SetCursor                       0x00000cec   Section        0  st7735.o(i.ST7735_SetCursor)
    i.ST7735_XYplot                          0x00000d0c   Section        0  plotter.o(i.ST7735_XYplot)
    i.ST7735_XYplotInit                      0x00000dd8   Section        0  plotter.o(i.ST7735_XYplotInit)
    i.Timer0A_Handler                        0x00000e24   Section        0  adctestmain.o(i.Timer0A_Handler)
    i.Timer0A_Init                           0x00000e3c   Section        0  adctestmain.o(i.Timer0A_Init)
    i.Timer0A_UpdateTask                     0x00000eb0   Section        0  adctestmain.o(i.Timer0A_UpdateTask)
    i.Timer1A_Handler                        0x00000ebc   Section        0  adctestmain.o(i.Timer1A_Handler)
    i.Timer1_Init                            0x00000ed4   Section        0  adctestmain.o(i.Timer1_Init)
    i.Timer2A_Handler                        0x00000f38   Section        0  adctestmain.o(i.Timer2A_Handler)
    i.Timer2_Init                            0x00000f50   Section        0  adctestmain.o(i.Timer2_Init)
    i.__ARM_fpclassify                       0x00000fb0   Section        0  fpclassify.o(i.__ARM_fpclassify)
    i.__ieee754_rem_pio2                     0x00000fd8   Section        0  rred.o(i.__ieee754_rem_pio2)
    i.__kernel_cos                           0x00001360   Section        0  cos_i.o(i.__kernel_cos)
    i.__kernel_poly                          0x0000145c   Section        0  poly.o(i.__kernel_poly)
    i.__kernel_sin                           0x00001508   Section        0  sin_i.o(i.__kernel_sin)
    i.__mathlib_dbl_underflow                0x000015f4   Section        0  dunder.o(i.__mathlib_dbl_underflow)
    i.acos                                   0x00001604   Section        0  acos.o(i.acos)
    i.commandList                            0x0000188c   Section        0  st7735.o(i.commandList)
    commandList                              0x0000188d   Thumb Code    86  st7735.o(i.commandList)
    i.commonInit                             0x000018e4   Section        0  st7735.o(i.commonInit)
    commonInit                               0x000018e5   Thumb Code   340  st7735.o(i.commonInit)
    i.cos                                    0x00001a68   Section        0  cos.o(i.cos)
    i.drawPMF                                0x00001b14   Section        0  adctestmain.o(i.drawPMF)
    i.initForADCTestMain                     0x00001b94   Section        0  adctestmain.o(i.initForADCTestMain)
    i.initST7735                             0x00001c44   Section        0  adctestmain.o(i.initST7735)
    i.logADCData                             0x00001c50   Section        0  adctestmain.o(i.logADCData)
    i.logTimes                               0x00001c9c   Section        0  adctestmain.o(i.logTimes)
    i.main                                   0x00001d04   Section        0  adctestmain.o(i.main)
    i.processData                            0x00001d48   Section        0  adctestmain.o(i.processData)
    i.processTimes                           0x00001da0   Section        0  adctestmain.o(i.processTimes)
    i.pushColor                              0x00001ddc   Section        0  st7735.o(i.pushColor)
    pushColor                                0x00001ddd   Thumb Code    18  st7735.o(i.pushColor)
    i.resetPMF                               0x00001df0   Section        0  adctestmain.o(i.resetPMF)
    i.screenOne_TimeJitter                   0x00001e0c   Section        0  adctestmain.o(i.screenOne_TimeJitter)
    i.screenThree_LineDrawing                0x00001ef8   Section        0  adctestmain.o(i.screenThree_LineDrawing)
    i.screenTwo_DefaultPMF                   0x00002058   Section        0  adctestmain.o(i.screenTwo_DefaultPMF)
    i.screenTwo_HardAvgPMF                   0x000020d0   Section        0  adctestmain.o(i.screenTwo_HardAvgPMF)
    i.setAddrWindow                          0x000021a4   Section        0  st7735.o(i.setAddrWindow)
    setAddrWindow                            0x000021a5   Thumb Code   106  st7735.o(i.setAddrWindow)
    i.sin                                    0x00002218   Section        0  sin.o(i.sin)
    i.sqrt                                   0x000022c8   Section        0  sqrt.o(i.sqrt)
    i.timer2                                 0x00002314   Section        0  adctestmain.o(i.timer2)
    i.waitForSwitchToggle                    0x0000231c   Section        0  adctestmain.o(i.waitForSwitchToggle)
    i.writecommand                           0x00002338   Section        0  st7735.o(i.writecommand)
    writecommand                             0x00002339   Thumb Code    40  st7735.o(i.writecommand)
    i.writedata                              0x00002368   Section        0  st7735.o(i.writedata)
    writedata                                0x00002369   Thumb Code    24  st7735.o(i.writedata)
    x$fpl$dadd                               0x00002388   Section      336  daddsub_clz.o(x$fpl$dadd)
    _dadd1                                   0x00002399   Thumb Code     0  daddsub_clz.o(x$fpl$dadd)
    x$fpl$dcheck1                            0x000024d8   Section       16  dcheck1.o(x$fpl$dcheck1)
    x$fpl$dcmpinf                            0x000024e8   Section       24  dcmpi.o(x$fpl$dcmpinf)
    x$fpl$ddiv                               0x00002500   Section      688  ddiv.o(x$fpl$ddiv)
    ddiv_entry                               0x00002507   Thumb Code     0  ddiv.o(x$fpl$ddiv)
    x$fpl$deqf                               0x000027b0   Section      120  deqf.o(x$fpl$deqf)
    x$fpl$dfix                               0x00002828   Section       94  dfix.o(x$fpl$dfix)
    x$fpl$dflt                               0x00002886   Section       46  dflt_clz.o(x$fpl$dflt)
    x$fpl$dfltu                              0x000028b4   Section       38  dflt_clz.o(x$fpl$dfltu)
    x$fpl$dleqf                              0x000028dc   Section      120  dleqf.o(x$fpl$dleqf)
    x$fpl$dmul                               0x00002954   Section      340  dmul.o(x$fpl$dmul)
    x$fpl$dnaninf                            0x00002aa8   Section      156  dnaninf.o(x$fpl$dnaninf)
    x$fpl$dretinf                            0x00002b44   Section       12  dretinf.o(x$fpl$dretinf)
    x$fpl$drleqf                             0x00002b50   Section      108  drleqf.o(x$fpl$drleqf)
    x$fpl$drsb                               0x00002bbc   Section       22  daddsub_clz.o(x$fpl$drsb)
    x$fpl$dsqrt                              0x00002bd4   Section      408  dsqrt_umaal.o(x$fpl$dsqrt)
    x$fpl$dsub                               0x00002d6c   Section      468  daddsub_clz.o(x$fpl$dsub)
    _dsub1                                   0x00002d7d   Thumb Code     0  daddsub_clz.o(x$fpl$dsub)
    x$fpl$retnan                             0x00002f40   Section      100  retnan.o(x$fpl$retnan)
    x$fpl$scalbn                             0x00002fa4   Section       92  scalbn.o(x$fpl$scalbn)
    x$fpl$trapveneer                         0x00003000   Section       48  trapv.o(x$fpl$trapveneer)
    .constdata                               0x00003030   Section     2018  st7735.o(.constdata)
    x$fpl$usenofp                            0x00003030   Section        0  usenofp.o(x$fpl$usenofp)
    Font                                     0x00003030   Data        1275  st7735.o(.constdata)
    Bcmd                                     0x0000352b   Data         103  st7735.o(.constdata)
    Rcmd1                                    0x00003592   Data          59  st7735.o(.constdata)
    Rcmd2green                               0x000035cd   Data          13  st7735.o(.constdata)
    Rcmd2red                                 0x000035da   Data          13  st7735.o(.constdata)
    Rcmd3                                    0x000035e7   Data          43  st7735.o(.constdata)
    .constdata                               0x00003818   Section       80  acos.o(.constdata)
    pS                                       0x00003818   Data          48  acos.o(.constdata)
    qS                                       0x00003848   Data          32  acos.o(.constdata)
    .constdata                               0x00003868   Section       48  cos_i.o(.constdata)
    C                                        0x00003868   Data          48  cos_i.o(.constdata)
    .constdata                               0x00003898   Section      200  rred.o(.constdata)
    pio2s                                    0x00003898   Data          48  rred.o(.constdata)
    twooverpi                                0x000038c8   Data         152  rred.o(.constdata)
    .constdata                               0x00003960   Section       40  sin_i.o(.constdata)
    S                                        0x00003960   Data          40  sin_i.o(.constdata)
    .data                                    0x20000000   Section       52  adctestmain.o(.data)
    .data                                    0x20000034   Section       44  st7735.o(.data)
    _width                                   0x2000003e   Data           2  st7735.o(.data)
    _height                                  0x20000040   Data           2  st7735.o(.data)
    ColStart                                 0x20000048   Data           1  st7735.o(.data)
    RowStart                                 0x20000049   Data           1  st7735.o(.data)
    Rotation                                 0x2000004a   Data           1  st7735.o(.data)
    TabColor                                 0x2000004b   Data           1  st7735.o(.data)
    .data                                    0x20000060   Section       16  plotter.o(.data)
    .bss                                     0x20000070   Section    14718  adctestmain.o(.bss)
    .bss                                     0x200039f0   Section       96  libspace.o(.bss)
    HEAP                                     0x20003a50   Section        0  startup.o(HEAP)
    STACK                                    0x20003a50   Section     1024  startup.o(STACK)
    HeapMem                                  0x20003a50   Data           0  startup.o(HEAP)
    StackMem                                 0x20003a50   Data           0  startup.o(STACK)

    Global Symbols

    Symbol Name                              Value     Ov Type        Size  Object(Section)

    BuildAttributes$$THM_ISAv4$E$P$D$K$B$S$7EM$PE$A:L22UL41UL21$X:L11$S22US41US21$IEEE1$IW$USESV6$~STKCKD$USESV7$~SHL$OTIME$ROPI$IEEEX$EBA8$UX$STANDARDLIB$REQ8$PRES8$EABIv2 0x00000000   Number         0  anon$$obj.o ABSOLUTE
    __ARM_use_no_argv                        0x00000000   Number         0  adctestmain.o ABSOLUTE
    __Vectors                                0x00000000   Data           0  startup.o(RESET)
    __ARM_exceptions_init                     - Undefined Weak Reference
    __alloca_initialize                       - Undefined Weak Reference
    __cpp_initialize__aeabi_                  - Undefined Weak Reference
    __cxa_finalize                            - Undefined Weak Reference
    __rt_locale                               - Undefined Weak Reference
    __sigvec_lookup                           - Undefined Weak Reference
    _atexit_init                              - Undefined Weak Reference
    _call_atexit_fns                          - Undefined Weak Reference
    _clock_init                               - Undefined Weak Reference
    _fp_trap_init                             - Undefined Weak Reference
    _fp_trap_shutdown                         - Undefined Weak Reference
    _get_lc_collate                           - Undefined Weak Reference
    _get_lc_ctype                             - Undefined Weak Reference
    _get_lc_monetary                          - Undefined Weak Reference
    _get_lc_numeric                           - Undefined Weak Reference
    _get_lc_time                              - Undefined Weak Reference
    _getenv_init                              - Undefined Weak Reference
    _handle_redirection                       - Undefined Weak Reference
    _init_alloc                               - Undefined Weak Reference
    _init_user_alloc                          - Undefined Weak Reference
    _initio                                   - Undefined Weak Reference
    _printf_post_padding                      - Undefined Weak Reference
    _printf_pre_padding                       - Undefined Weak Reference
    _printf_truncate_signed                   - Undefined Weak Reference
    _printf_truncate_unsigned                 - Undefined Weak Reference
    _rand_init                                - Undefined Weak Reference
    _signal_finish                            - Undefined Weak Reference
    _signal_init                              - Undefined Weak Reference
    _terminate_alloc                          - Undefined Weak Reference
    _terminate_user_alloc                     - Undefined Weak Reference
    _terminateio                              - Undefined Weak Reference
    Reset_Handler                            0x0000026d   Thumb Code     0  startup.o(RESET)
    NMI_Handler                              0x00000271   Thumb Code     2  startup.o(RESET)
    HardFault_Handler                        0x00000273   Thumb Code     2  startup.o(RESET)
    MemManage_Handler                        0x00000275   Thumb Code     2  startup.o(RESET)
    BusFault_Handler                         0x00000277   Thumb Code     2  startup.o(RESET)
    UsageFault_Handler                       0x00000279   Thumb Code     2  startup.o(RESET)
    SVC_Handler                              0x0000027b   Thumb Code     2  startup.o(RESET)
    DebugMon_Handler                         0x0000027d   Thumb Code     2  startup.o(RESET)
    PendSV_Handler                           0x0000027f   Thumb Code     2  startup.o(RESET)
    SysTick_Handler                          0x00000281   Thumb Code     2  startup.o(RESET)
    ADC0Seq0_Handler                         0x00000283   Thumb Code     0  startup.o(RESET)
    ADC0Seq1_Handler                         0x00000283   Thumb Code     0  startup.o(RESET)
    ADC0Seq2_Handler                         0x00000283   Thumb Code     0  startup.o(RESET)
    ADC0Seq3_Handler                         0x00000283   Thumb Code     0  startup.o(RESET)
    ADC1Seq0_Handler                         0x00000283   Thumb Code     0  startup.o(RESET)
    ADC1Seq1_Handler                         0x00000283   Thumb Code     0  startup.o(RESET)
    ADC1Seq2_Handler                         0x00000283   Thumb Code     0  startup.o(RESET)
    ADC1Seq3_Handler                         0x00000283   Thumb Code     0  startup.o(RESET)
    CAN0_Handler                             0x00000283   Thumb Code     0  startup.o(RESET)
    CAN1_Handler                             0x00000283   Thumb Code     0  startup.o(RESET)
    CAN2_Handler                             0x00000283   Thumb Code     0  startup.o(RESET)
    Comp0_Handler                            0x00000283   Thumb Code     0  startup.o(RESET)
    Comp1_Handler                            0x00000283   Thumb Code     0  startup.o(RESET)
    Comp2_Handler                            0x00000283   Thumb Code     0  startup.o(RESET)
    Ethernet_Handler                         0x00000283   Thumb Code     0  startup.o(RESET)
    ExtBus_Handler                           0x00000283   Thumb Code     0  startup.o(RESET)
    FPU_Handler                              0x00000283   Thumb Code     0  startup.o(RESET)
    Fan0_Handler                             0x00000283   Thumb Code     0  startup.o(RESET)
    FlashCtl_Handler                         0x00000283   Thumb Code     0  startup.o(RESET)
    GPIOPortA_Handler                        0x00000283   Thumb Code     0  startup.o(RESET)
    GPIOPortB_Handler                        0x00000283   Thumb Code     0  startup.o(RESET)
    GPIOPortC_Handler                        0x00000283   Thumb Code     0  startup.o(RESET)
    GPIOPortD_Handler                        0x00000283   Thumb Code     0  startup.o(RESET)
    GPIOPortE_Handler                        0x00000283   Thumb Code     0  startup.o(RESET)
    GPIOPortF_Handler                        0x00000283   Thumb Code     0  startup.o(RESET)
    GPIOPortG_Handler                        0x00000283   Thumb Code     0  startup.o(RESET)
    GPIOPortH_Handler                        0x00000283   Thumb Code     0  startup.o(RESET)
    GPIOPortJ_Handler                        0x00000283   Thumb Code     0  startup.o(RESET)
    GPIOPortK_Handler                        0x00000283   Thumb Code     0  startup.o(RESET)
    GPIOPortL_Handler                        0x00000283   Thumb Code     0  startup.o(RESET)
    GPIOPortM_Handler                        0x00000283   Thumb Code     0  startup.o(RESET)
    GPIOPortN_Handler                        0x00000283   Thumb Code     0  startup.o(RESET)
    GPIOPortP1_Handler                       0x00000283   Thumb Code     0  startup.o(RESET)
    GPIOPortP2_Handler                       0x00000283   Thumb Code     0  startup.o(RESET)
    GPIOPortP3_Handler                       0x00000283   Thumb Code     0  startup.o(RESET)
    GPIOPortP4_Handler                       0x00000283   Thumb Code     0  startup.o(RESET)
    GPIOPortP5_Handler                       0x00000283   Thumb Code     0  startup.o(RESET)
    GPIOPortP6_Handler                       0x00000283   Thumb Code     0  startup.o(RESET)
    GPIOPortP7_Handler                       0x00000283   Thumb Code     0  startup.o(RESET)
    GPIOPortP_Handler                        0x00000283   Thumb Code     0  startup.o(RESET)
    GPIOPortQ1_Handler                       0x00000283   Thumb Code     0  startup.o(RESET)
    GPIOPortQ2_Handler                       0x00000283   Thumb Code     0  startup.o(RESET)
    GPIOPortQ3_Handler                       0x00000283   Thumb Code     0  startup.o(RESET)
    GPIOPortQ4_Handler                       0x00000283   Thumb Code     0  startup.o(RESET)
    GPIOPortQ5_Handler                       0x00000283   Thumb Code     0  startup.o(RESET)
    GPIOPortQ6_Handler                       0x00000283   Thumb Code     0  startup.o(RESET)
    GPIOPortQ7_Handler                       0x00000283   Thumb Code     0  startup.o(RESET)
    GPIOPortQ_Handler                        0x00000283   Thumb Code     0  startup.o(RESET)
    GPIOPortR_Handler                        0x00000283   Thumb Code     0  startup.o(RESET)
    GPIOPortS_Handler                        0x00000283   Thumb Code     0  startup.o(RESET)
    Hibernate_Handler                        0x00000283   Thumb Code     0  startup.o(RESET)
    I2C0_Handler                             0x00000283   Thumb Code     0  startup.o(RESET)
    I2C1_Handler                             0x00000283   Thumb Code     0  startup.o(RESET)
    I2C2_Handler                             0x00000283   Thumb Code     0  startup.o(RESET)
    I2C3_Handler                             0x00000283   Thumb Code     0  startup.o(RESET)
    I2C4_Handler                             0x00000283   Thumb Code     0  startup.o(RESET)
    I2C5_Handler                             0x00000283   Thumb Code     0  startup.o(RESET)
    I2S0_Handler                             0x00000283   Thumb Code     0  startup.o(RESET)
    LPC0_Handler                             0x00000283   Thumb Code     0  startup.o(RESET)
    PECI0_Handler                            0x00000283   Thumb Code     0  startup.o(RESET)
    PWM0Fault_Handler                        0x00000283   Thumb Code     0  startup.o(RESET)
    PWM0Generator0_Handler                   0x00000283   Thumb Code     0  startup.o(RESET)
    PWM0Generator1_Handler                   0x00000283   Thumb Code     0  startup.o(RESET)
    PWM0Generator2_Handler                   0x00000283   Thumb Code     0  startup.o(RESET)
    PWM0Generator3_Handler                   0x00000283   Thumb Code     0  startup.o(RESET)
    PWM1Fault_Handler                        0x00000283   Thumb Code     0  startup.o(RESET)
    PWM1Generator0_Handler                   0x00000283   Thumb Code     0  startup.o(RESET)
    PWM1Generator1_Handler                   0x00000283   Thumb Code     0  startup.o(RESET)
    PWM1Generator2_Handler                   0x00000283   Thumb Code     0  startup.o(RESET)
    PWM1Generator3_Handler                   0x00000283   Thumb Code     0  startup.o(RESET)
    Quadrature0_Handler                      0x00000283   Thumb Code     0  startup.o(RESET)
    Quadrature1_Handler                      0x00000283   Thumb Code     0  startup.o(RESET)
    Quadrature2_Handler                      0x00000283   Thumb Code     0  startup.o(RESET)
    SSI0_Handler                             0x00000283   Thumb Code     0  startup.o(RESET)
    SSI1_Handler                             0x00000283   Thumb Code     0  startup.o(RESET)
    SSI2_Handler                             0x00000283   Thumb Code     0  startup.o(RESET)
    SSI3_Handler                             0x00000283   Thumb Code     0  startup.o(RESET)
    SysCtl_Handler                           0x00000283   Thumb Code     0  startup.o(RESET)
    Timer0B_Handler                          0x00000283   Thumb Code     0  startup.o(RESET)
    Timer1B_Handler                          0x00000283   Thumb Code     0  startup.o(RESET)
    Timer2B_Handler                          0x00000283   Thumb Code     0  startup.o(RESET)
    Timer3A_Handler                          0x00000283   Thumb Code     0  startup.o(RESET)
    Timer3B_Handler                          0x00000283   Thumb Code     0  startup.o(RESET)
    Timer4A_Handler                          0x00000283   Thumb Code     0  startup.o(RESET)
    Timer4B_Handler                          0x00000283   Thumb Code     0  startup.o(RESET)
    Timer5A_Handler                          0x00000283   Thumb Code     0  startup.o(RESET)
    Timer5B_Handler                          0x00000283   Thumb Code     0  startup.o(RESET)
    UART0_Handler                            0x00000283   Thumb Code     0  startup.o(RESET)
    UART1_Handler                            0x00000283   Thumb Code     0  startup.o(RESET)
    UART2_Handler                            0x00000283   Thumb Code     0  startup.o(RESET)
    UART3_Handler                            0x00000283   Thumb Code     0  startup.o(RESET)
    UART4_Handler                            0x00000283   Thumb Code     0  startup.o(RESET)
    UART5_Handler                            0x00000283   Thumb Code     0  startup.o(RESET)
    UART6_Handler                            0x00000283   Thumb Code     0  startup.o(RESET)
    UART7_Handler                            0x00000283   Thumb Code     0  startup.o(RESET)
    USB0_Handler                             0x00000283   Thumb Code     0  startup.o(RESET)
    WDT_Handler                              0x00000283   Thumb Code     0  startup.o(RESET)
    WideTimer0A_Handler                      0x00000283   Thumb Code     0  startup.o(RESET)
    WideTimer0B_Handler                      0x00000283   Thumb Code     0  startup.o(RESET)
    WideTimer1A_Handler                      0x00000283   Thumb Code     0  startup.o(RESET)
    WideTimer1B_Handler                      0x00000283   Thumb Code     0  startup.o(RESET)
    WideTimer2A_Handler                      0x00000283   Thumb Code     0  startup.o(RESET)
    WideTimer2B_Handler                      0x00000283   Thumb Code     0  startup.o(RESET)
    WideTimer3A_Handler                      0x00000283   Thumb Code     0  startup.o(RESET)
    WideTimer3B_Handler                      0x00000283   Thumb Code     0  startup.o(RESET)
    WideTimer4A_Handler                      0x00000283   Thumb Code     0  startup.o(RESET)
    WideTimer4B_Handler                      0x00000283   Thumb Code     0  startup.o(RESET)
    WideTimer5A_Handler                      0x00000283   Thumb Code     0  startup.o(RESET)
    WideTimer5B_Handler                      0x00000283   Thumb Code     0  startup.o(RESET)
    uDMA_Error                               0x00000283   Thumb Code     0  startup.o(RESET)
    uDMA_Handler                             0x00000283   Thumb Code     0  startup.o(RESET)
    __main                                   0x00000285   Thumb Code     8  __main.o(!!!main)
    __scatterload                            0x0000028d   Thumb Code     0  __scatter.o(!!!scatter)
    __scatterload_rt2                        0x0000028d   Thumb Code    44  __scatter.o(!!!scatter)
    __scatterload_rt2_thumb_only             0x0000028d   Thumb Code     0  __scatter.o(!!!scatter)
    __scatterload_null                       0x0000029b   Thumb Code     0  __scatter.o(!!!scatter)
    __scatterload_copy                       0x000002c1   Thumb Code    26  __scatter_copy.o(!!handler_copy)
    __scatterload_zeroinit                   0x000002dd   Thumb Code    28  __scatter_zi.o(!!handler_zi)
    _printf_d                                0x000002f9   Thumb Code     0  _printf_d.o(.ARM.Collect$$_printf_percent$$00000009)
    _printf_percent                          0x000002f9   Thumb Code     0  _printf_percent.o(.ARM.Collect$$_printf_percent$$00000000)
    _printf_percent_end                      0x000002ff   Thumb Code     0  _printf_percent_end.o(.ARM.Collect$$_printf_percent$$00000017)
    __rt_lib_init                            0x00000303   Thumb Code     0  libinit.o(.ARM.Collect$$libinit$$00000000)
    __rt_lib_init_alloca_1                   0x00000305   Thumb Code     0  libinit2.o(.ARM.Collect$$libinit$$0000002C)
    __rt_lib_init_argv_1                     0x00000305   Thumb Code     0  libinit2.o(.ARM.Collect$$libinit$$0000002A)
    __rt_lib_init_atexit_1                   0x00000305   Thumb Code     0  libinit2.o(.ARM.Collect$$libinit$$00000019)
    __rt_lib_init_clock_1                    0x00000305   Thumb Code     0  libinit2.o(.ARM.Collect$$libinit$$0000001F)
    __rt_lib_init_cpp_1                      0x00000305   Thumb Code     0  libinit2.o(.ARM.Collect$$libinit$$00000030)
    __rt_lib_init_exceptions_1               0x00000305   Thumb Code     0  libinit2.o(.ARM.Collect$$libinit$$0000002E)
    __rt_lib_init_fp_1                       0x00000305   Thumb Code     0  libinit2.o(.ARM.Collect$$libinit$$00000002)
    __rt_lib_init_fp_trap_1                  0x00000305   Thumb Code     0  libinit2.o(.ARM.Collect$$libinit$$0000001D)
    __rt_lib_init_getenv_1                   0x00000305   Thumb Code     0  libinit2.o(.ARM.Collect$$libinit$$00000021)
    __rt_lib_init_heap_1                     0x00000305   Thumb Code     0  libinit2.o(.ARM.Collect$$libinit$$00000008)
    __rt_lib_init_lc_collate_1               0x00000305   Thumb Code     0  libinit2.o(.ARM.Collect$$libinit$$0000000F)
    __rt_lib_init_lc_ctype_1                 0x00000305   Thumb Code     0  libinit2.o(.ARM.Collect$$libinit$$00000011)
    __rt_lib_init_lc_monetary_1              0x00000305   Thumb Code     0  libinit2.o(.ARM.Collect$$libinit$$00000013)
    __rt_lib_init_lc_numeric_1               0x00000305   Thumb Code     0  libinit2.o(.ARM.Collect$$libinit$$00000015)
    __rt_lib_init_lc_time_1                  0x00000305   Thumb Code     0  libinit2.o(.ARM.Collect$$libinit$$00000017)
    __rt_lib_init_rand_1                     0x00000305   Thumb Code     0  libinit2.o(.ARM.Collect$$libinit$$0000000C)
    __rt_lib_init_return                     0x00000305   Thumb Code     0  libinit2.o(.ARM.Collect$$libinit$$00000031)
    __rt_lib_init_signal_1                   0x00000305   Thumb Code     0  libinit2.o(.ARM.Collect$$libinit$$0000001B)
    __rt_lib_init_stdio_1                    0x00000305   Thumb Code     0  libinit2.o(.ARM.Collect$$libinit$$00000023)
    __rt_lib_init_user_alloc_1               0x00000305   Thumb Code     0  libinit2.o(.ARM.Collect$$libinit$$0000000A)
    __rt_lib_shutdown                        0x00000307   Thumb Code     0  libshutdown.o(.ARM.Collect$$libshutdown$$00000000)
    __rt_lib_shutdown_fp_trap_1              0x00000309   Thumb Code     0  libshutdown2.o(.ARM.Collect$$libshutdown$$00000006)
    __rt_lib_shutdown_heap_1                 0x00000309   Thumb Code     0  libshutdown2.o(.ARM.Collect$$libshutdown$$0000000E)
    __rt_lib_shutdown_return                 0x00000309   Thumb Code     0  libshutdown2.o(.ARM.Collect$$libshutdown$$0000000F)
    __rt_lib_shutdown_signal_1               0x00000309   Thumb Code     0  libshutdown2.o(.ARM.Collect$$libshutdown$$00000009)
    __rt_lib_shutdown_stdio_1                0x00000309   Thumb Code     0  libshutdown2.o(.ARM.Collect$$libshutdown$$00000003)
    __rt_lib_shutdown_user_alloc_1           0x00000309   Thumb Code     0  libshutdown2.o(.ARM.Collect$$libshutdown$$0000000B)
    __rt_entry                               0x0000030b   Thumb Code     0  rtentry.o(.ARM.Collect$$rtentry$$00000000)
    __rt_entry_presh_1                       0x0000030b   Thumb Code     0  rtentry2.o(.ARM.Collect$$rtentry$$00000002)
    __rt_entry_sh                            0x0000030b   Thumb Code     0  rtentry4.o(.ARM.Collect$$rtentry$$00000004)
    __rt_entry_li                            0x00000311   Thumb Code     0  rtentry2.o(.ARM.Collect$$rtentry$$0000000A)
    __rt_entry_postsh_1                      0x00000311   Thumb Code     0  rtentry2.o(.ARM.Collect$$rtentry$$00000009)
    __rt_entry_main                          0x00000315   Thumb Code     0  rtentry2.o(.ARM.Collect$$rtentry$$0000000D)
    __rt_entry_postli_1                      0x00000315   Thumb Code     0  rtentry2.o(.ARM.Collect$$rtentry$$0000000C)
    __rt_exit                                0x0000031d   Thumb Code     0  rtexit.o(.ARM.Collect$$rtexit$$00000000)
    __rt_exit_ls                             0x0000031f   Thumb Code     0  rtexit2.o(.ARM.Collect$$rtexit$$00000003)
    __rt_exit_prels_1                        0x0000031f   Thumb Code     0  rtexit2.o(.ARM.Collect$$rtexit$$00000002)
    __rt_exit_exit                           0x00000323   Thumb Code     0  rtexit2.o(.ARM.Collect$$rtexit$$00000004)
    DisableInterrupts                        0x00000329   Thumb Code     0  startup.o(.text)
    EnableInterrupts                         0x0000032d   Thumb Code     0  startup.o(.text)
    StartCritical                            0x00000331   Thumb Code     0  startup.o(.text)
    EndCritical                              0x00000339   Thumb Code     0  startup.o(.text)
    WaitForInterrupt                         0x0000033f   Thumb Code     0  startup.o(.text)
    __user_initial_stackheap                 0x00000343   Thumb Code     0  startup.o(.text)
    __2sprintf                               0x00000359   Thumb Code    34  noretval__2sprintf.o(.text)
    __printf                                 0x00000381   Thumb Code   104  __printf.o(.text)
    _printf_int_dec                          0x000003e9   Thumb Code   102  _printf_dec.o(.text)
    __use_two_region_memory                  0x00000461   Thumb Code     2  heapauxi.o(.text)
    __rt_heap_escrow$2region                 0x00000463   Thumb Code     2  heapauxi.o(.text)
    __rt_heap_expand$2region                 0x00000465   Thumb Code     2  heapauxi.o(.text)
    __read_errno                             0x00000467   Thumb Code    10  _rserrno.o(.text)
    __set_errno                              0x00000471   Thumb Code    12  _rserrno.o(.text)
    _printf_int_common                       0x0000047d   Thumb Code   184  _printf_intcommon.o(.text)
    _printf_char_common                      0x0000053f   Thumb Code    32  _printf_char_common.o(.text)
    _sputc                                   0x00000565   Thumb Code    10  _sputc.o(.text)
    __aeabi_errno_addr                       0x00000571   Thumb Code     8  rt_errno_addr_intlibspace.o(.text)
    __errno$intlibspace                      0x00000571   Thumb Code     0  rt_errno_addr_intlibspace.o(.text)
    __rt_errno_addr$intlibspace              0x00000571   Thumb Code     0  rt_errno_addr_intlibspace.o(.text)
    __user_libspace                          0x00000579   Thumb Code     8  libspace.o(.text)
    __user_perproc_libspace                  0x00000579   Thumb Code     0  libspace.o(.text)
    __user_perthread_libspace                0x00000579   Thumb Code     0  libspace.o(.text)
    __user_setup_stackheap                   0x00000581   Thumb Code    74  sys_stackheap_outer.o(.text)
    exit                                     0x000005cb   Thumb Code    12  exit.o(.text)
    _sys_exit                                0x000005d9   Thumb Code     8  sys_exit.o(.text)
    __I$use$semihosting                      0x000005e5   Thumb Code     0  use_no_semi.o(.text)
    __use_no_semihosting_swi                 0x000005e5   Thumb Code     2  use_no_semi.o(.text)
    __semihosting_library_function           0x000005e7   Thumb Code     0  indicate_semi.o(.text)
    ADC0_InSeq3                              0x000005e9   Thumb Code    36  adcswtrigger.o(i.ADC0_InSeq3)
    ADC0_InitSWTriggerSeq3_Ch1               0x00000615   Thumb Code   172  adcswtrigger.o(i.ADC0_InitSWTriggerSeq3_Ch1)
    Delay1ms                                 0x000006e5   Thumb Code    32  st7735.o(i.Delay1ms)
    PLL_Init                                 0x00000705   Thumb Code   118  pll.o(i.PLL_Init)
    ST7735_DrawCharS                         0x00000781   Thumb Code   232  st7735.o(i.ST7735_DrawCharS)
    ST7735_DrawPixel                         0x00000875   Thumb Code    64  st7735.o(i.ST7735_DrawPixel)
    ST7735_DrawString                        0x000008bd   Thumb Code    84  st7735.o(i.ST7735_DrawString)
    ST7735_FillRect                          0x00000911   Thumb Code   164  st7735.o(i.ST7735_FillRect)
    ST7735_FillScreen                        0x000009bd   Thumb Code    28  st7735.o(i.ST7735_FillScreen)
    ST7735_InitR                             0x000009e1   Thumb Code    90  st7735.o(i.ST7735_InitR)
    ST7735_Line                              0x00000a5d   Thumb Code   412  plotter.o(i.ST7735_Line)
    ST7735_OutChar                           0x00000c01   Thumb Code   176  st7735.o(i.ST7735_OutChar)
    ST7735_OutString                         0x00000cd5   Thumb Code    22  st7735.o(i.ST7735_OutString)
    ST7735_SetCursor                         0x00000ced   Thumb Code    22  st7735.o(i.ST7735_SetCursor)
    ST7735_XYplot                            0x00000d0d   Thumb Code   188  plotter.o(i.ST7735_XYplot)
    ST7735_XYplotInit                        0x00000dd9   Thumb Code    58  plotter.o(i.ST7735_XYplotInit)
    Timer0A_Handler                          0x00000e25   Thumb Code    16  adctestmain.o(i.Timer0A_Handler)
    Timer0A_Init                             0x00000e3d   Thumb Code    94  adctestmain.o(i.Timer0A_Init)
    Timer0A_UpdateTask                       0x00000eb1   Thumb Code     6  adctestmain.o(i.Timer0A_UpdateTask)
    Timer1A_Handler                          0x00000ebd   Thumb Code    16  adctestmain.o(i.Timer1A_Handler)
    Timer1_Init                              0x00000ed5   Thumb Code    78  adctestmain.o(i.Timer1_Init)
    Timer2A_Handler                          0x00000f39   Thumb Code    16  adctestmain.o(i.Timer2A_Handler)
    Timer2_Init                              0x00000f51   Thumb Code    76  adctestmain.o(i.Timer2_Init)
    __ARM_fpclassify                         0x00000fb1   Thumb Code    40  fpclassify.o(i.__ARM_fpclassify)
    __ieee754_rem_pio2                       0x00000fd9   Thumb Code   832  rred.o(i.__ieee754_rem_pio2)
    __kernel_cos                             0x00001361   Thumb Code   230  cos_i.o(i.__kernel_cos)
    __kernel_poly                            0x0000145d   Thumb Code   170  poly.o(i.__kernel_poly)
    __kernel_sin                             0x00001509   Thumb Code   224  sin_i.o(i.__kernel_sin)
    __mathlib_dbl_underflow                  0x000015f5   Thumb Code    10  dunder.o(i.__mathlib_dbl_underflow)
    acos                                     0x00001605   Thumb Code   586  acos.o(i.acos)
    cos                                      0x00001a69   Thumb Code   164  cos.o(i.cos)
    drawPMF                                  0x00001b15   Thumb Code   108  adctestmain.o(i.drawPMF)
    initForADCTestMain                       0x00001b95   Thumb Code   142  adctestmain.o(i.initForADCTestMain)
    initST7735                               0x00001c45   Thumb Code    10  adctestmain.o(i.initST7735)
    logADCData                               0x00001c51   Thumb Code    58  adctestmain.o(i.logADCData)
    logTimes                                 0x00001c9d   Thumb Code    80  adctestmain.o(i.logTimes)
    main                                     0x00001d05   Thumb Code    68  adctestmain.o(i.main)
    processData                              0x00001d49   Thumb Code    76  adctestmain.o(i.processData)
    processTimes                             0x00001da1   Thumb Code    56  adctestmain.o(i.processTimes)
    resetPMF                                 0x00001df1   Thumb Code    22  adctestmain.o(i.resetPMF)
    screenOne_TimeJitter                     0x00001e0d   Thumb Code   140  adctestmain.o(i.screenOne_TimeJitter)
    screenThree_LineDrawing                  0x00001ef9   Thumb Code   326  adctestmain.o(i.screenThree_LineDrawing)
    screenTwo_DefaultPMF                     0x00002059   Thumb Code    70  adctestmain.o(i.screenTwo_DefaultPMF)
    screenTwo_HardAvgPMF                     0x000020d1   Thumb Code   184  adctestmain.o(i.screenTwo_HardAvgPMF)
    sin                                      0x00002219   Thumb Code   166  sin.o(i.sin)
    sqrt                                     0x000022c9   Thumb Code    76  sqrt.o(i.sqrt)
    timer2                                   0x00002315   Thumb Code     6  adctestmain.o(i.timer2)
    waitForSwitchToggle                      0x0000231d   Thumb Code    22  adctestmain.o(i.waitForSwitchToggle)
    __aeabi_dadd                             0x00002389   Thumb Code     0  daddsub_clz.o(x$fpl$dadd)
    _dadd                                    0x00002389   Thumb Code   332  daddsub_clz.o(x$fpl$dadd)
    __fpl_dcheck_NaN1                        0x000024d9   Thumb Code    10  dcheck1.o(x$fpl$dcheck1)
    __fpl_dcmp_Inf                           0x000024e9   Thumb Code    24  dcmpi.o(x$fpl$dcmpinf)
    __aeabi_ddiv                             0x00002501   Thumb Code     0  ddiv.o(x$fpl$ddiv)
    _ddiv                                    0x00002501   Thumb Code   552  ddiv.o(x$fpl$ddiv)
    __aeabi_cdcmpeq                          0x000027b1   Thumb Code     0  deqf.o(x$fpl$deqf)
    _dcmpeq                                  0x000027b1   Thumb Code   120  deqf.o(x$fpl$deqf)
    __aeabi_d2iz                             0x00002829   Thumb Code     0  dfix.o(x$fpl$dfix)
    _dfix                                    0x00002829   Thumb Code    94  dfix.o(x$fpl$dfix)
    __aeabi_i2d                              0x00002887   Thumb Code     0  dflt_clz.o(x$fpl$dflt)
    _dflt                                    0x00002887   Thumb Code    46  dflt_clz.o(x$fpl$dflt)
    __aeabi_ui2d                             0x000028b5   Thumb Code     0  dflt_clz.o(x$fpl$dfltu)
    _dfltu                                   0x000028b5   Thumb Code    38  dflt_clz.o(x$fpl$dfltu)
    __aeabi_cdcmple                          0x000028dd   Thumb Code     0  dleqf.o(x$fpl$dleqf)
    _dcmple                                  0x000028dd   Thumb Code   120  dleqf.o(x$fpl$dleqf)
    __fpl_dcmple_InfNaN                      0x0000293f   Thumb Code     0  dleqf.o(x$fpl$dleqf)
    __aeabi_dmul                             0x00002955   Thumb Code     0  dmul.o(x$fpl$dmul)
    _dmul                                    0x00002955   Thumb Code   332  dmul.o(x$fpl$dmul)
    __fpl_dnaninf                            0x00002aa9   Thumb Code   156  dnaninf.o(x$fpl$dnaninf)
    __fpl_dretinf                            0x00002b45   Thumb Code    12  dretinf.o(x$fpl$dretinf)
    __aeabi_cdrcmple                         0x00002b51   Thumb Code     0  drleqf.o(x$fpl$drleqf)
    _drcmple                                 0x00002b51   Thumb Code   108  drleqf.o(x$fpl$drleqf)
    __aeabi_drsub                            0x00002bbd   Thumb Code     0  daddsub_clz.o(x$fpl$drsb)
    _drsb                                    0x00002bbd   Thumb Code    22  daddsub_clz.o(x$fpl$drsb)
    _dsqrt                                   0x00002bd5   Thumb Code   404  dsqrt_umaal.o(x$fpl$dsqrt)
    __aeabi_dsub                             0x00002d6d   Thumb Code     0  daddsub_clz.o(x$fpl$dsub)
    _dsub                                    0x00002d6d   Thumb Code   464  daddsub_clz.o(x$fpl$dsub)
    __fpl_return_NaN                         0x00002f41   Thumb Code   100  retnan.o(x$fpl$retnan)
    __ARM_scalbn                             0x00002fa5   Thumb Code    92  scalbn.o(x$fpl$scalbn)
    __fpl_cmpreturn                          0x00003001   Thumb Code    48  trapv.o(x$fpl$trapveneer)
    __I$use$fp                               0x00003030   Number         0  usenofp.o(x$fpl$usenofp)
    dBfs                                     0x00003612   Data         512  st7735.o(.constdata)
    Region$$Table$$Base                      0x00003988   Number         0  anon$$obj.o(Region$$Table)
    Region$$Table$$Limit                     0x000039a8   Number         0  anon$$obj.o(Region$$Table)
    lastTime                                 0x20000000   Data           4  adctestmain.o(.data)
    thisTime                                 0x20000004   Data           4  adctestmain.o(.data)
    timeLogIndex                             0x20000008   Data           4  adctestmain.o(.data)
    timeLogFull                              0x2000000c   Data           1  adctestmain.o(.data)
    pmfMax                                   0x20000010   Data           4  adctestmain.o(.data)
    pmfMin                                   0x20000014   Data           4  adctestmain.o(.data)
    ADCLogIndex                              0x20000018   Data           4  adctestmain.o(.data)
    ADCLogFull                               0x2000001c   Data           1  adctestmain.o(.data)
    lastPF4Val                               0x2000001d   Data           1  adctestmain.o(.data)
    processed                                0x2000001e   Data           1  adctestmain.o(.data)
    ADCvalue                                 0x20000020   Data           4  adctestmain.o(.data)
    delay                                    0x20000024   Data           4  adctestmain.o(.data)
    PeriodicTask                             0x20000028   Data           4  adctestmain.o(.data)
    PeriodicTask0                            0x2000002c   Data           4  adctestmain.o(.data)
    runningAvg                               0x20000030   Data           4  adctestmain.o(.data)
    StX                                      0x20000034   Data           4  st7735.o(.data)
    StY                                      0x20000038   Data           4  st7735.o(.data)
    StTextColor                              0x2000003c   Data           2  st7735.o(.data)
    lastj                                    0x20000044   Data           4  st7735.o(.data)
    Messageindex                             0x2000004c   Data           4  st7735.o(.data)
    Ymax                                     0x20000050   Data           4  st7735.o(.data)
    Ymin                                     0x20000054   Data           4  st7735.o(.data)
    X                                        0x20000058   Data           4  st7735.o(.data)
    Yrange                                   0x2000005c   Data           4  st7735.o(.data)
    minX_global                              0x20000060   Data           4  plotter.o(.data)
    maxX_global                              0x20000064   Data           4  plotter.o(.data)
    minY_global                              0x20000068   Data           4  plotter.o(.data)
    maxY_global                              0x2000006c   Data           4  plotter.o(.data)
    timeLog                                  0x20000070   Data        4000  adctestmain.o(.bss)
    pmf                                      0x20001010   Data        8192  adctestmain.o(.bss)
    xBuf                                     0x20003010   Data         200  adctestmain.o(.bss)
    yBuf                                     0x200030d8   Data         200  adctestmain.o(.bss)
    ADCLog                                   0x200031a0   Data        2000  adctestmain.o(.bss)
    avgData                                  0x20003970   Data         126  adctestmain.o(.bss)
    __libspace_start                         0x200039f0   Data          96  libspace.o(.bss)
    __temporary_stack_top$libspace           0x20003a50   Data           0  libspace.o(.bss)



==============================================================================

Memory Map of the image

  Image Entry point : 0x0000026d

  Load Region LR_1 (Base: 0x00000000, Size: 0x00003a18, Max: 0xffffffff, ABSOLUTE)

    Execution Region ER_RO (Base: 0x00000000, Size: 0x000039a8, Max: 0xffffffff, ABSOLUTE)

    Base Addr    Size         Type   Attr      Idx    E Section Name        Object

    0x00000000   0x00000284   Code   RO            3  * RESET               startup.o
    0x00000284   0x00000008   Code   RO          558  * !!!main             c_w.l(__main.o)
    0x0000028c   0x00000034   Code   RO          827    !!!scatter          c_w.l(__scatter.o)
    0x000002c0   0x0000001a   Code   RO          829    !!handler_copy      c_w.l(__scatter_copy.o)
    0x000002da   0x00000002   PAD
    0x000002dc   0x0000001c   Code   RO          831    !!handler_zi        c_w.l(__scatter_zi.o)
    0x000002f8   0x00000000   Code   RO          555    .ARM.Collect$$_printf_percent$$00000000  c_w.l(_printf_percent.o)
    0x000002f8   0x00000006   Code   RO          554    .ARM.Collect$$_printf_percent$$00000009  c_w.l(_printf_d.o)
    0x000002fe   0x00000004   Code   RO          621    .ARM.Collect$$_printf_percent$$00000017  c_w.l(_printf_percent_end.o)
    0x00000302   0x00000002   Code   RO          699    .ARM.Collect$$libinit$$00000000  c_w.l(libinit.o)
    0x00000304   0x00000000   Code   RO          705    .ARM.Collect$$libinit$$00000002  c_w.l(libinit2.o)
    0x00000304   0x00000000   Code   RO          708    .ARM.Collect$$libinit$$00000008  c_w.l(libinit2.o)
    0x00000304   0x00000000   Code   RO          710    .ARM.Collect$$libinit$$0000000A  c_w.l(libinit2.o)
    0x00000304   0x00000000   Code   RO          712    .ARM.Collect$$libinit$$0000000C  c_w.l(libinit2.o)
    0x00000304   0x00000000   Code   RO          715    .ARM.Collect$$libinit$$0000000F  c_w.l(libinit2.o)
    0x00000304   0x00000000   Code   RO          717    .ARM.Collect$$libinit$$00000011  c_w.l(libinit2.o)
    0x00000304   0x00000000   Code   RO          719    .ARM.Collect$$libinit$$00000013  c_w.l(libinit2.o)
    0x00000304   0x00000000   Code   RO          721    .ARM.Collect$$libinit$$00000015  c_w.l(libinit2.o)
    0x00000304   0x00000000   Code   RO          723    .ARM.Collect$$libinit$$00000017  c_w.l(libinit2.o)
    0x00000304   0x00000000   Code   RO          725    .ARM.Collect$$libinit$$00000019  c_w.l(libinit2.o)
    0x00000304   0x00000000   Code   RO          727    .ARM.Collect$$libinit$$0000001B  c_w.l(libinit2.o)
    0x00000304   0x00000000   Code   RO          729    .ARM.Collect$$libinit$$0000001D  c_w.l(libinit2.o)
    0x00000304   0x00000000   Code   RO          731    .ARM.Collect$$libinit$$0000001F  c_w.l(libinit2.o)
    0x00000304   0x00000000   Code   RO          733    .ARM.Collect$$libinit$$00000021  c_w.l(libinit2.o)
    0x00000304   0x00000000   Code   RO          735    .ARM.Collect$$libinit$$00000023  c_w.l(libinit2.o)
    0x00000304   0x00000000   Code   RO          739    .ARM.Collect$$libinit$$0000002A  c_w.l(libinit2.o)
    0x00000304   0x00000000   Code   RO          741    .ARM.Collect$$libinit$$0000002C  c_w.l(libinit2.o)
    0x00000304   0x00000000   Code   RO          743    .ARM.Collect$$libinit$$0000002E  c_w.l(libinit2.o)
    0x00000304   0x00000000   Code   RO          745    .ARM.Collect$$libinit$$00000030  c_w.l(libinit2.o)
    0x00000304   0x00000002   Code   RO          746    .ARM.Collect$$libinit$$00000031  c_w.l(libinit2.o)
    0x00000306   0x00000002   Code   RO          768    .ARM.Collect$$libshutdown$$00000000  c_w.l(libshutdown.o)
    0x00000308   0x00000000   Code   RO          782    .ARM.Collect$$libshutdown$$00000003  c_w.l(libshutdown2.o)
    0x00000308   0x00000000   Code   RO          785    .ARM.Collect$$libshutdown$$00000006  c_w.l(libshutdown2.o)
    0x00000308   0x00000000   Code   RO          788    .ARM.Collect$$libshutdown$$00000009  c_w.l(libshutdown2.o)
    0x00000308   0x00000000   Code   RO          790    .ARM.Collect$$libshutdown$$0000000B  c_w.l(libshutdown2.o)
    0x00000308   0x00000000   Code   RO          793    .ARM.Collect$$libshutdown$$0000000E  c_w.l(libshutdown2.o)
    0x00000308   0x00000002   Code   RO          794    .ARM.Collect$$libshutdown$$0000000F  c_w.l(libshutdown2.o)
    0x0000030a   0x00000000   Code   RO          612    .ARM.Collect$$rtentry$$00000000  c_w.l(rtentry.o)
    0x0000030a   0x00000000   Code   RO          658    .ARM.Collect$$rtentry$$00000002  c_w.l(rtentry2.o)
    0x0000030a   0x00000006   Code   RO          670    .ARM.Collect$$rtentry$$00000004  c_w.l(rtentry4.o)
    0x00000310   0x00000000   Code   RO          660    .ARM.Collect$$rtentry$$00000009  c_w.l(rtentry2.o)
    0x00000310   0x00000004   Code   RO          661    .ARM.Collect$$rtentry$$0000000A  c_w.l(rtentry2.o)
    0x00000314   0x00000000   Code   RO          663    .ARM.Collect$$rtentry$$0000000C  c_w.l(rtentry2.o)
    0x00000314   0x00000008   Code   RO          664    .ARM.Collect$$rtentry$$0000000D  c_w.l(rtentry2.o)
    0x0000031c   0x00000002   Code   RO          702    .ARM.Collect$$rtexit$$00000000  c_w.l(rtexit.o)
    0x0000031e   0x00000000   Code   RO          750    .ARM.Collect$$rtexit$$00000002  c_w.l(rtexit2.o)
    0x0000031e   0x00000004   Code   RO          751    .ARM.Collect$$rtexit$$00000003  c_w.l(rtexit2.o)
    0x00000322   0x00000006   Code   RO          752    .ARM.Collect$$rtexit$$00000004  c_w.l(rtexit2.o)
    0x00000328   0x00000030   Code   RO            4    .text               startup.o
    0x00000358   0x00000028   Code   RO          528    .text               c_w.l(noretval__2sprintf.o)
    0x00000380   0x00000068   Code   RO          530    .text               c_w.l(__printf.o)
    0x000003e8   0x00000078   Code   RO          532    .text               c_w.l(_printf_dec.o)
    0x00000460   0x00000006   Code   RO          556    .text               c_w.l(heapauxi.o)
    0x00000466   0x00000016   Code   RO          613    .text               c_w.l(_rserrno.o)
    0x0000047c   0x000000b8   Code   RO          615    .text               c_w.l(_printf_intcommon.o)
    0x00000534   0x00000030   Code   RO          617    .text               c_w.l(_printf_char_common.o)
    0x00000564   0x0000000a   Code   RO          619    .text               c_w.l(_sputc.o)
    0x0000056e   0x00000002   PAD
    0x00000570   0x00000008   Code   RO          675    .text               c_w.l(rt_errno_addr_intlibspace.o)
    0x00000578   0x00000008   Code   RO          687    .text               c_w.l(libspace.o)
    0x00000580   0x0000004a   Code   RO          690    .text               c_w.l(sys_stackheap_outer.o)
    0x000005ca   0x0000000c   Code   RO          692    .text               c_w.l(exit.o)
    0x000005d6   0x00000002   PAD
    0x000005d8   0x0000000c   Code   RO          760    .text               c_w.l(sys_exit.o)
    0x000005e4   0x00000002   Code   RO          771    .text               c_w.l(use_no_semi.o)
    0x000005e6   0x00000000   Code   RO          773    .text               c_w.l(indicate_semi.o)
    0x000005e6   0x00000002   PAD
    0x000005e8   0x0000002c   Code   RO           12    i.ADC0_InSeq3       adcswtrigger.o
    0x00000614   0x000000d0   Code   RO           13    i.ADC0_InitSWTriggerSeq3_Ch1  adcswtrigger.o
    0x000006e4   0x00000020   Code   RO          214    i.Delay1ms          st7735.o
    0x00000704   0x0000007c   Code   RO          202    i.PLL_Init          pll.o
    0x00000780   0x000000f4   Code   RO          223    i.ST7735_DrawCharS  st7735.o
    0x00000874   0x00000048   Code   RO          226    i.ST7735_DrawPixel  st7735.o
    0x000008bc   0x00000054   Code   RO          227    i.ST7735_DrawString  st7735.o
    0x00000910   0x000000ac   Code   RO          228    i.ST7735_FillRect   st7735.o
    0x000009bc   0x00000024   Code   RO          229    i.ST7735_FillScreen  st7735.o
    0x000009e0   0x0000007c   Code   RO          231    i.ST7735_InitR      st7735.o
    0x00000a5c   0x000001a4   Code   RO          493    i.ST7735_Line       plotter.o
    0x00000c00   0x000000d4   Code   RO          233    i.ST7735_OutChar    st7735.o
    0x00000cd4   0x00000016   Code   RO          234    i.ST7735_OutString  st7735.o
    0x00000cea   0x00000002   PAD
    0x00000cec   0x00000020   Code   RO          244    i.ST7735_SetCursor  st7735.o
    0x00000d0c   0x000000cc   Code   RO          494    i.ST7735_XYplot     plotter.o
    0x00000dd8   0x0000004c   Code   RO          495    i.ST7735_XYplotInit  plotter.o
    0x00000e24   0x00000018   Code   RO           34    i.Timer0A_Handler   adctestmain.o
    0x00000e3c   0x00000074   Code   RO           35    i.Timer0A_Init      adctestmain.o
    0x00000eb0   0x0000000c   Code   RO           36    i.Timer0A_UpdateTask  adctestmain.o
    0x00000ebc   0x00000018   Code   RO           37    i.Timer1A_Handler   adctestmain.o
    0x00000ed4   0x00000064   Code   RO           38    i.Timer1_Init       adctestmain.o
    0x00000f38   0x00000018   Code   RO           39    i.Timer2A_Handler   adctestmain.o
    0x00000f50   0x00000060   Code   RO           40    i.Timer2_Init       adctestmain.o
    0x00000fb0   0x00000028   Code   RO          685    i.__ARM_fpclassify  m_ws.l(fpclassify.o)
    0x00000fd8   0x00000388   Code   RO          638    i.__ieee754_rem_pio2  m_ws.l(rred.o)
    0x00001360   0x000000fc   Code   RO          633    i.__kernel_cos      m_ws.l(cos_i.o)
    0x0000145c   0x000000aa   Code   RO          636    i.__kernel_poly     m_ws.l(poly.o)
    0x00001506   0x00000002   PAD
    0x00001508   0x000000ec   Code   RO          643    i.__kernel_sin      m_ws.l(sin_i.o)
    0x000015f4   0x00000010   Code   RO          683    i.__mathlib_dbl_underflow  m_ws.l(dunder.o)
    0x00001604   0x00000288   Code   RO          587    i.acos              m_ws.l(acos.o)
    0x0000188c   0x00000056   Code   RO          248    i.commandList       st7735.o
    0x000018e2   0x00000002   PAD
    0x000018e4   0x00000184   Code   RO          249    i.commonInit        st7735.o
    0x00001a68   0x000000ac   Code   RO          597    i.cos               m_ws.l(cos.o)
    0x00001b14   0x00000080   Code   RO           41    i.drawPMF           adctestmain.o
    0x00001b94   0x000000b0   Code   RO           42    i.initForADCTestMain  adctestmain.o
    0x00001c44   0x0000000a   Code   RO           43    i.initST7735        adctestmain.o
    0x00001c4e   0x00000002   PAD
    0x00001c50   0x0000004c   Code   RO           44    i.logADCData        adctestmain.o
    0x00001c9c   0x00000068   Code   RO           45    i.logTimes          adctestmain.o
    0x00001d04   0x00000044   Code   RO           46    i.main              adctestmain.o
    0x00001d48   0x00000058   Code   RO           47    i.processData       adctestmain.o
    0x00001da0   0x0000003c   Code   RO           48    i.processTimes      adctestmain.o
    0x00001ddc   0x00000012   Code   RO          254    i.pushColor         st7735.o
    0x00001dee   0x00000002   PAD
    0x00001df0   0x0000001c   Code   RO           49    i.resetPMF          adctestmain.o
    0x00001e0c   0x000000ec   Code   RO           50    i.screenOne_TimeJitter  adctestmain.o
    0x00001ef8   0x00000160   Code   RO           51    i.screenThree_LineDrawing  adctestmain.o
    0x00002058   0x00000078   Code   RO           52    i.screenTwo_DefaultPMF  adctestmain.o
    0x000020d0   0x000000d4   Code   RO           53    i.screenTwo_HardAvgPMF  adctestmain.o
    0x000021a4   0x00000074   Code   RO          255    i.setAddrWindow     st7735.o
    0x00002218   0x000000b0   Code   RO          605    i.sin               m_ws.l(sin.o)
    0x000022c8   0x0000004c   Code   RO          650    i.sqrt              m_ws.l(sqrt.o)
    0x00002314   0x00000006   Code   RO           54    i.timer2            adctestmain.o
    0x0000231a   0x00000002   PAD
    0x0000231c   0x0000001c   Code   RO           55    i.waitForSwitchToggle  adctestmain.o
    0x00002338   0x00000030   Code   RO          256    i.writecommand      st7735.o
    0x00002368   0x00000020   Code   RO          257    i.writedata         st7735.o
    0x00002388   0x00000150   Code   RO          560    x$fpl$dadd          fz_ws.l(daddsub_clz.o)
    0x000024d8   0x00000010   Code   RO          679    x$fpl$dcheck1       fz_ws.l(dcheck1.o)
    0x000024e8   0x00000018   Code   RO          622    x$fpl$dcmpinf       fz_ws.l(dcmpi.o)
    0x00002500   0x000002b0   Code   RO          567    x$fpl$ddiv          fz_ws.l(ddiv.o)
    0x000027b0   0x00000078   Code   RO          570    x$fpl$deqf          fz_ws.l(deqf.o)
    0x00002828   0x0000005e   Code   RO          572    x$fpl$dfix          fz_ws.l(dfix.o)
    0x00002886   0x0000002e   Code   RO          577    x$fpl$dflt          fz_ws.l(dflt_clz.o)
    0x000028b4   0x00000026   Code   RO          576    x$fpl$dfltu         fz_ws.l(dflt_clz.o)
    0x000028da   0x00000002   PAD
    0x000028dc   0x00000078   Code   RO          624    x$fpl$dleqf         fz_ws.l(dleqf.o)
    0x00002954   0x00000154   Code   RO          582    x$fpl$dmul          fz_ws.l(dmul.o)
    0x00002aa8   0x0000009c   Code   RO          626    x$fpl$dnaninf       fz_ws.l(dnaninf.o)
    0x00002b44   0x0000000c   Code   RO          628    x$fpl$dretinf       fz_ws.l(dretinf.o)
    0x00002b50   0x0000006c   Code   RO          584    x$fpl$drleqf        fz_ws.l(drleqf.o)
    0x00002bbc   0x00000016   Code   RO          561    x$fpl$drsb          fz_ws.l(daddsub_clz.o)
    0x00002bd2   0x00000002   PAD
    0x00002bd4   0x00000198   Code   RO          681    x$fpl$dsqrt         fz_ws.l(dsqrt_umaal.o)
    0x00002d6c   0x000001d4   Code   RO          562    x$fpl$dsub          fz_ws.l(daddsub_clz.o)
    0x00002f40   0x00000064   Code   RO          700    x$fpl$retnan        fz_ws.l(retnan.o)
    0x00002fa4   0x0000005c   Code   RO          630    x$fpl$scalbn        fz_ws.l(scalbn.o)
    0x00003000   0x00000030   Code   RO          747    x$fpl$trapveneer    fz_ws.l(trapv.o)
    0x00003030   0x00000000   Code   RO          632    x$fpl$usenofp       fz_ws.l(usenofp.o)
    0x00003030   0x000007e2   Data   RO          259    .constdata          st7735.o
    0x00003812   0x00000006   PAD
    0x00003818   0x00000050   Data   RO          588    .constdata          m_ws.l(acos.o)
    0x00003868   0x00000030   Data   RO          634    .constdata          m_ws.l(cos_i.o)
    0x00003898   0x000000c8   Data   RO          640    .constdata          m_ws.l(rred.o)
    0x00003960   0x00000028   Data   RO          644    .constdata          m_ws.l(sin_i.o)
    0x00003988   0x00000020   Data   RO          825    Region$$Table       anon$$obj.o


    Execution Region ER_RW (Base: 0x20000000, Size: 0x00000070, Max: 0xffffffff, ABSOLUTE)

    Base Addr    Size         Type   Attr      Idx    E Section Name        Object

    0x20000000   0x00000034   Data   RW           57    .data               adctestmain.o
    0x20000034   0x0000002c   Data   RW          260    .data               st7735.o
    0x20000060   0x00000010   Data   RW          497    .data               plotter.o


    Execution Region ER_ZI (Base: 0x20000070, Size: 0x00003de0, Max: 0xffffffff, ABSOLUTE)

    Base Addr    Size         Type   Attr      Idx    E Section Name        Object

    0x20000070   0x0000397e   Zero   RW           56    .bss                adctestmain.o
    0x200039ee   0x00000002   PAD
    0x200039f0   0x00000060   Zero   RW          688    .bss                c_w.l(libspace.o)
    0x20003a50   0x00000000   Zero   RW            2    HEAP                startup.o
    0x20003a50   0x00000400   Zero   RW            1    STACK               startup.o


==============================================================================

Image component sizes


      Code (inc. data)   RO Data    RW Data    ZI Data      Debug   Object Name

       252         44          0          0          0       2467   adcswtrigger.o
      2088        418          0         52      14718      15884   adctestmain.o
       124          6          0          0          0        427   pll.o
       700         42          0         16          0       3533   plotter.o
      1718        190       2018         44          0      13454   st7735.o
       692        632          0          0       1024        996   startup.o

    ----------------------------------------------------------------------
      5584       1332       2056        112      15744      36761   Object Totals
         0          0         32          0          0          0   (incl. Generated)
        10          0          6          0          2          0   (incl. Padding)

    ----------------------------------------------------------------------

      Code (inc. data)   RO Data    RW Data    ZI Data      Debug   Library Member Name

         8          0          0          0          0         68   __main.o
       104          0          0          0          0         84   __printf.o
        52          8          0          0          0          0   __scatter.o
        26          0          0          0          0          0   __scatter_copy.o
        28          0          0          0          0          0   __scatter_zi.o
        48          6          0          0          0         96   _printf_char_common.o
         6          0          0          0          0          0   _printf_d.o
       120         18          0          0          0         92   _printf_dec.o
       184          0          0          0          0         88   _printf_intcommon.o
         0          0          0          0          0          0   _printf_percent.o
         4          0          0          0          0          0   _printf_percent_end.o
        22          0          0          0          0        100   _rserrno.o
        10          0          0          0          0         68   _sputc.o
        12          0          0          0          0         72   exit.o
         6          0          0          0          0        152   heapauxi.o
         0          0          0          0          0          0   indicate_semi.o
         2          0          0          0          0          0   libinit.o
         2          0          0          0          0          0   libinit2.o
         2          0          0          0          0          0   libshutdown.o
         2          0          0          0          0          0   libshutdown2.o
         8          4          0          0         96         68   libspace.o
        40          6          0          0          0         84   noretval__2sprintf.o
         8          4          0          0          0         68   rt_errno_addr_intlibspace.o
         0          0          0          0          0          0   rtentry.o
        12          0          0          0          0          0   rtentry2.o
         6          0          0          0          0          0   rtentry4.o
         2          0          0          0          0          0   rtexit.o
        10          0          0          0          0          0   rtexit2.o
        12          4          0          0          0         68   sys_exit.o
        74          0          0          0          0         80   sys_stackheap_outer.o
         2          0          0          0          0         68   use_no_semi.o
       826         16          0          0          0        348   daddsub_clz.o
        16          4          0          0          0         68   dcheck1.o
        24          0          0          0          0         68   dcmpi.o
       688        140          0          0          0        208   ddiv.o
       120          4          0          0          0         92   deqf.o
        94          4          0          0          0         92   dfix.o
        84          0          0          0          0        136   dflt_clz.o
       120          4          0          0          0         92   dleqf.o
       340         12          0          0          0        104   dmul.o
       156          4          0          0          0         92   dnaninf.o
        12          0          0          0          0         68   dretinf.o
       108          0          0          0          0         80   drleqf.o
       408         56          0          0          0        120   dsqrt_umaal.o
       100          0          0          0          0         68   retnan.o
        92          0          0          0          0         68   scalbn.o
        48          0          0          0          0         68   trapv.o
         0          0          0          0          0          0   usenofp.o
       648         62         80          0          0        188   acos.o
       172          8          0          0          0        112   cos.o
       252         22         48          0          0        124   cos_i.o
        16          6          0          0          0         68   dunder.o
        40          0          0          0          0         68   fpclassify.o
       170          0          0          0          0         96   poly.o
       904         72        200          0          0        140   rred.o
       176         10          0          0          0        116   sin.o
       236         12         40          0          0        128   sin_i.o
        76          0          0          0          0         84   sqrt.o

    ----------------------------------------------------------------------
      6752        486        368          0         96       4152   Library Totals
        14          0          0          0          0          0   (incl. Padding)

    ----------------------------------------------------------------------

      Code (inc. data)   RO Data    RW Data    ZI Data      Debug   Library Name

       812         50          0          0         96       1256   c_w.l
      3236        244          0          0          0       1772   fz_ws.l
      2690        192        368          0          0       1124   m_ws.l

    ----------------------------------------------------------------------
      6752        486        368          0         96       4152   Library Totals

    ----------------------------------------------------------------------

==============================================================================


      Code (inc. data)   RO Data    RW Data    ZI Data      Debug   

     12336       1818       2424        112      15840      36597   Grand Totals
     12336       1818       2424        112      15840      36597   ELF Image Totals
     12336       1818       2424        112          0          0   ROM Totals

==============================================================================

    Total RO  Size (Code + RO Data)                14760 (  14.41kB)
    Total RW  Size (RW Data + ZI Data)             15952 (  15.58kB)
    Total ROM Size (Code + RO Data + RW Data)      14872 (  14.52kB)

==============================================================================

