<html>
<body>
<pre>
<h1>µVision Build Log</h1>
<h2>Project:</h2>
C:\Keil\EE445L\Lab 2\Lab2.uvproj
Project File Date:  01/31/2017

<h2>Output:</h2>
Rebuild target 'Lab2'
assembling startup.s...
compiling ADCSWTrigger.c...
compiling ADCTestMain.c...
plotter.h(9): warning:  #1-D: last line of file ends without a newline
  void ST7735_Line(uint16_t x1, uint16_t y1, uint16_t x2, uint16_t y2, uint16_t color);
ADCTestMain.c(161): warning:  #177-D: variable "timeJitter" was declared but never referenced
        uint32_t timeJitter;
ADCTestMa</pre>
</body>
</html>

compiling PLL.c...
compiling ST7735.c...
compiling plotter.c...
linking...
Program Size: Code=7472 RO-data=2052 RW-data=112 ZI-data=25760  
".\ADCSWTrigger.axf" - 0 Error(s), 2 Warning(s).
otter.o and adctestmain.o).
.\ADCSWTrigger.axf: Error: L6200E: Symbol maxX_global multiply defined (by plotter.o and adctestmain.o).
.\ADCSWTrigger.axf: Error: L6200E: Symbol minY_global multiply defined (by plotter.o and adctestmain.o).
.\ADCSWTrigger.axf: Error: L6200E: Symbol maxY_global multiply defined (by plotter.o and adctestmain.o).
.\ADCSWTrigger.axf: Error: L6200E: Symbol ST7735_Line multiply defined (by plotter.o and adctestmain.o).
.\ADCSWTrigger.axf: Error: L6200E: Symbol ST7735_XYplot multiply defined (by plotter.o and adctestmain.o).
.\ADCSWTrigger.axf: Error: L6200E: Symbol ST7735_XYplotInit multiply defined (by plotter.o and adctestmain.o).
Not enough information to list image symbols.
Not enough information to list the image map.
Finished: 2 information, 0 warning and 9 error messages.
".\ADCSWTrigger.axf" - 9 Error(s), 1 Warning(s).
Target not created
