<html>
<body>
<pre>
<h1>µVision Build Log</h1>
<h2>Project:</h2>
C:\Keil\EE445L\Lab1\Lab1.uvproj
Project File Date:  01/25/2017

<h2>Output:</h2>
Rebuild target 'Lab1'
assembling startup.s...
compiling PLL.c...
compiling ST7735.c...
compiling fixed.c...
compiling Lab1.c...
extracredit.h(4): warning:  #1-D: last line of file ends without a newline
  void test(void);
Lab1.c: 1 warning, 0 errors
compiling extracredit.c...
linking...
Program Size: Code=8424 RO-data=4472 RW-data=84 ZI-data=1028  
".\Lab1.axf" - 0 Error(s), 1 Warning(s).
