<html>
<body>
<pre>
<h1>µVision Build Log</h1>
<h2>Project:</h2>
C:\Keil\EE445L\Lab1\Lab1.uvproj
Project File Date:  02/05/2017

<h2>Output:</h2>
Rebuild target 'Lab1'
assembling startup.s...
compiling PLL.c...
compiling ST7735.c...
compiling fixed.c...
compiling Lab1.c...
extracredit.h(4): warning:  #1-D: last line of file ends without a newline
  void test(void);
Lab1.c: 1 warning, 0 errors
compiling extracredit.c...
assembling extracredit2.s...
extracredit2.s(53): warning: A1447W: Missing END directive at end of file, but found a label named END
extracredit2.s(28): warning: A1581W: Added 2 bytes of padding at address 0x32
extracredit2.s(53): warning: A1581W: Added 2 bytes of padding at address 0x72
linking...
Program Size: Code=9520 RO-data=4472 RW-data=100 ZI-data=1028  
".\Lab1.axf" - 0 Error(s), 4 Warning(s).
Load "C:\\Keil\\EE445L\\Lab1\\Lab1.axf" 
Connecting: Mode=JTAG, Speed=1000000Hz
Connection failed!, error code=&d
Error: Flash Download failed  -  Target DLL has been cancelled
Load "C:\\Keil\\EE445L\\Lab1\\Lab1.axf" 
Connecting: Mode=JTAG, Speed=1000000Hz
Connection failed!, error code=&d
Error: Flash Download failed  -  Target DLL has been cancelled
</pre>
</body>
</html>
 created
Load "C:\\Keil\\EE445L\\Lab1\\Lab1.axf" 
_____^
*** error 56: cannot open file
Error: Flash Download failed  -  Could not load file 'C:\Keil\EE445L\Lab1\Lab1.axf'
